Java HotSpot(TM) 64-Bit Server VM (25.92-b14) for bsd-amd64 JRE (1.8.0_92-b14), built on Mar 31 2016 21:23:14 by "java_re" with gcc 4.2.1 (Based on Apple Inc. build 5658) (LLVM build 2336.11.00)
Memory: 4k page, physical 16777216k(2924164k free)

/proc/meminfo:

CommandLine flags: -XX:InitialHeapSize=536870912 -XX:MaxHeapSize=536870912 -XX:MaxNewSize=178958336 -XX:MaxTenuringThreshold=6 -XX:NewSize=178958336 -XX:OldPLABSize=16 -XX:OldSize=357912576 -XX:+PrintGC -XX:+PrintGCDateStamps -XX:+PrintGCDetails -XX:+PrintGCTimeStamps -XX:+UseCompressedClassPointers -XX:+UseCompressedOops -XX:+UseConcMarkSweepGC -XX:+UseParNewGC 
2020-10-28T14:24:19.055-0800: 0.165: [GC (Allocation Failure) 2020-10-28T14:24:19.055-0800: 0.165: [ParNew: 139776K->17471K(157248K), 0.0183362 secs] 139776K->41875K(506816K), 0.0185518 secs] [Times: user=0.03 sys=0.09, real=0.02 secs] 
2020-10-28T14:24:19.108-0800: 0.218: [GC (Allocation Failure) 2020-10-28T14:24:19.108-0800: 0.218: [ParNew: 157247K->17472K(157248K), 0.0216528 secs] 181651K->82446K(506816K), 0.0217458 secs] [Times: user=0.05 sys=0.10, real=0.03 secs] 
2020-10-28T14:24:19.152-0800: 0.261: [GC (Allocation Failure) 2020-10-28T14:24:19.152-0800: 0.261: [ParNew: 156985K->17471K(157248K), 0.0286999 secs] 221959K->121889K(506816K), 0.0287917 secs] [Times: user=0.20 sys=0.02, real=0.03 secs] 
2020-10-28T14:24:19.203-0800: 0.312: [GC (Allocation Failure) 2020-10-28T14:24:19.203-0800: 0.312: [ParNew: 157247K->17472K(157248K), 0.0304277 secs] 261665K->164895K(506816K), 0.0305255 secs] [Times: user=0.21 sys=0.02, real=0.03 secs] 
2020-10-28T14:24:19.252-0800: 0.362: [GC (Allocation Failure) 2020-10-28T14:24:19.252-0800: 0.362: [ParNew: 157248K->17469K(157248K), 0.0306375 secs] 304671K->207905K(506816K), 0.0307419 secs] [Times: user=0.22 sys=0.01, real=0.03 secs] 
2020-10-28T14:24:19.283-0800: 0.392: [GC (CMS Initial Mark) [1 CMS-initial-mark: 190436K(349568K)] 207977K(506816K), 0.0002256 secs] [Times: user=0.00 sys=0.00, real=0.00 secs] 
2020-10-28T14:24:19.283-0800: 0.393: [CMS-concurrent-mark-start]
2020-10-28T14:24:19.285-0800: 0.394: [CMS-concurrent-mark: 0.002/0.002 secs] [Times: user=0.00 sys=0.00, real=0.00 secs] 
2020-10-28T14:24:19.285-0800: 0.394: [CMS-concurrent-preclean-start]
2020-10-28T14:24:19.286-0800: 0.395: [CMS-concurrent-preclean: 0.001/0.001 secs] [Times: user=0.00 sys=0.00, real=0.00 secs] 
2020-10-28T14:24:19.286-0800: 0.395: [CMS-concurrent-abortable-preclean-start]
2020-10-28T14:24:19.305-0800: 0.415: [GC (Allocation Failure) 2020-10-28T14:24:19.305-0800: 0.415: [ParNew: 157116K->17469K(157248K), 0.0315085 secs] 347553K->250676K(506816K), 0.0316004 secs] [Times: user=0.21 sys=0.02, real=0.03 secs] 
2020-10-28T14:24:19.359-0800: 0.468: [GC (Allocation Failure) 2020-10-28T14:24:19.359-0800: 0.468: [ParNew: 157245K->17471K(157248K), 0.0339159 secs] 390452K->296292K(506816K), 0.0340428 secs] [Times: user=0.22 sys=0.02, real=0.04 secs] 
2020-10-28T14:24:19.415-0800: 0.524: [GC (Allocation Failure) 2020-10-28T14:24:19.415-0800: 0.524: [ParNew: 157247K->17469K(157248K), 0.0345711 secs] 436068K->343666K(506816K), 0.0346810 secs] [Times: user=0.23 sys=0.02, real=0.04 secs] 
2020-10-28T14:24:19.470-0800: 0.580: [GC (Allocation Failure) 2020-10-28T14:24:19.470-0800: 0.580: [ParNew: 157245K->157245K(157248K), 0.0000204 secs]2020-10-28T14:24:19.470-0800: 0.580: [CMS2020-10-28T14:24:19.470-0800: 0.580: [CMS-concurrent-abortable-preclean: 0.004/0.185 secs] [Times: user=0.75 sys=0.07, real=0.19 secs] 
 (concurrent mode failure): 326196K->254258K(349568K), 0.0538750 secs] 483442K->254258K(506816K), [Metaspace: 2679K->2679K(1056768K)], 0.0540572 secs] [Times: user=0.06 sys=0.00, real=0.05 secs] 
2020-10-28T14:24:19.546-0800: 0.655: [GC (Allocation Failure) 2020-10-28T14:24:19.546-0800: 0.655: [ParNew: 139056K->17471K(157248K), 0.0070257 secs] 393314K->298936K(506816K), 0.0071255 secs] [Times: user=0.05 sys=0.00, real=0.01 secs] 
2020-10-28T14:24:19.553-0800: 0.662: [GC (CMS Initial Mark) [1 CMS-initial-mark: 281465K(349568K)] 299692K(506816K), 0.0002439 secs] [Times: user=0.00 sys=0.00, real=0.00 secs] 
2020-10-28T14:24:19.553-0800: 0.663: [CMS-concurrent-mark-start]
2020-10-28T14:24:19.554-0800: 0.664: [CMS-concurrent-mark: 0.001/0.001 secs] [Times: user=0.01 sys=0.00, real=0.00 secs] 
2020-10-28T14:24:19.555-0800: 0.664: [CMS-concurrent-preclean-start]
2020-10-28T14:24:19.555-0800: 0.664: [CMS-concurrent-preclean: 0.001/0.001 secs] [Times: user=0.00 sys=0.00, real=0.00 secs] 
2020-10-28T14:24:19.555-0800: 0.664: [CMS-concurrent-abortable-preclean-start]
2020-10-28T14:24:19.575-0800: 0.685: [GC (Allocation Failure) 2020-10-28T14:24:19.575-0800: 0.685: [ParNew: 157131K->17471K(157248K), 0.0106926 secs] 438596K->342082K(506816K), 0.0107651 secs] [Times: user=0.08 sys=0.00, real=0.01 secs] 
2020-10-28T14:24:19.608-0800: 0.717: [GC (Allocation Failure) 2020-10-28T14:24:19.608-0800: 0.717: [ParNew: 157247K->157247K(157248K), 0.0000187 secs]2020-10-28T14:24:19.608-0800: 0.717: [CMS2020-10-28T14:24:19.608-0800: 0.717: [CMS-concurrent-abortable-preclean: 0.002/0.053 secs] [Times: user=0.12 sys=0.00, real=0.05 secs] 
 (concurrent mode failure): 324611K->293822K(349568K), 0.0578108 secs] 481858K->293822K(506816K), [Metaspace: 2679K->2679K(1056768K)], 0.0579213 secs] [Times: user=0.06 sys=0.00, real=0.06 secs] 
2020-10-28T14:24:19.688-0800: 0.798: [GC (Allocation Failure) 2020-10-28T14:24:19.688-0800: 0.798: [ParNew: 139776K->17470K(157248K), 0.0078860 secs] 433598K->338691K(506816K), 0.0079652 secs] [Times: user=0.04 sys=0.01, real=0.01 secs] 
2020-10-28T14:24:19.696-0800: 0.806: [GC (CMS Initial Mark) [1 CMS-initial-mark: 321220K(349568K)] 339084K(506816K), 0.0001653 secs] [Times: user=0.00 sys=0.00, real=0.00 secs] 
2020-10-28T14:24:19.697-0800: 0.806: [CMS-concurrent-mark-start]
2020-10-28T14:24:19.698-0800: 0.808: [CMS-concurrent-mark: 0.001/0.001 secs] [Times: user=0.00 sys=0.00, real=0.00 secs] 
2020-10-28T14:24:19.698-0800: 0.808: [CMS-concurrent-preclean-start]
2020-10-28T14:24:19.699-0800: 0.808: [CMS-concurrent-preclean: 0.001/0.001 secs] [Times: user=0.00 sys=0.00, real=0.00 secs] 
2020-10-28T14:24:19.699-0800: 0.808: [CMS-concurrent-abortable-preclean-start]
2020-10-28T14:24:19.699-0800: 0.808: [CMS-concurrent-abortable-preclean: 0.000/0.000 secs] [Times: user=0.00 sys=0.00, real=0.00 secs] 
2020-10-28T14:24:19.699-0800: 0.808: [GC (CMS Final Remark) [YG occupancy: 31936 K (157248 K)]2020-10-28T14:24:19.699-0800: 0.808: [Rescan (parallel) , 0.0003574 secs]2020-10-28T14:24:19.699-0800: 0.809: [weak refs processing, 0.0000113 secs]2020-10-28T14:24:19.699-0800: 0.809: [class unloading, 0.0002142 secs]2020-10-28T14:24:19.700-0800: 0.809: [scrub symbol table, 0.0003460 secs]2020-10-28T14:24:19.700-0800: 0.809: [scrub string table, 0.0001505 secs][1 CMS-remark: 321220K(349568K)] 353157K(506816K), 0.0011641 secs] [Times: user=0.00 sys=0.00, real=0.01 secs] 
2020-10-28T14:24:19.700-0800: 0.810: [CMS-concurrent-sweep-start]
2020-10-28T14:24:19.701-0800: 0.810: [CMS-concurrent-sweep: 0.001/0.001 secs] [Times: user=0.01 sys=0.00, real=0.00 secs] 
2020-10-28T14:24:19.701-0800: 0.810: [CMS-concurrent-reset-start]
2020-10-28T14:24:19.701-0800: 0.811: [CMS-concurrent-reset: 0.000/0.000 secs] [Times: user=0.00 sys=0.00, real=0.00 secs] 
2020-10-28T14:24:19.723-0800: 0.832: [GC (Allocation Failure) 2020-10-28T14:24:19.723-0800: 0.832: [ParNew: 157246K->17471K(157248K), 0.0118629 secs] 440890K->343554K(506816K), 0.0119697 secs] [Times: user=0.07 sys=0.00, real=0.01 secs] 
2020-10-28T14:24:19.735-0800: 0.845: [GC (CMS Initial Mark) [1 CMS-initial-mark: 326083K(349568K)] 346619K(506816K), 0.0001909 secs] [Times: user=0.00 sys=0.00, real=0.00 secs] 
2020-10-28T14:24:19.736-0800: 0.845: [CMS-concurrent-mark-start]
2020-10-28T14:24:19.737-0800: 0.847: [CMS-concurrent-mark: 0.002/0.002 secs] [Times: user=0.00 sys=0.00, real=0.00 secs] 
2020-10-28T14:24:19.737-0800: 0.847: [CMS-concurrent-preclean-start]
2020-10-28T14:24:19.738-0800: 0.847: [CMS-concurrent-preclean: 0.001/0.001 secs] [Times: user=0.00 sys=0.00, real=0.00 secs] 
2020-10-28T14:24:19.738-0800: 0.847: [CMS-concurrent-abortable-preclean-start]
2020-10-28T14:24:19.738-0800: 0.847: [CMS-concurrent-abortable-preclean: 0.000/0.000 secs] [Times: user=0.00 sys=0.00, real=0.00 secs] 
2020-10-28T14:24:19.738-0800: 0.847: [GC (CMS Final Remark) [YG occupancy: 30720 K (157248 K)]2020-10-28T14:24:19.738-0800: 0.847: [Rescan (parallel) , 0.0003817 secs]2020-10-28T14:24:19.738-0800: 0.848: [weak refs processing, 0.0000141 secs]2020-10-28T14:24:19.738-0800: 0.848: [class unloading, 0.0002250 secs]2020-10-28T14:24:19.739-0800: 0.848: [scrub symbol table, 0.0003763 secs]2020-10-28T14:24:19.739-0800: 0.848: [scrub string table, 0.0001241 secs][1 CMS-remark: 326083K(349568K)] 356803K(506816K), 0.0011843 secs] [Times: user=0.01 sys=0.00, real=0.00 secs] 
2020-10-28T14:24:19.739-0800: 0.849: [CMS-concurrent-sweep-start]
2020-10-28T14:24:19.740-0800: 0.849: [CMS-concurrent-sweep: 0.001/0.001 secs] [Times: user=0.00 sys=0.00, real=0.01 secs] 
2020-10-28T14:24:19.740-0800: 0.849: [CMS-concurrent-reset-start]
2020-10-28T14:24:19.740-0800: 0.850: [CMS-concurrent-reset: 0.000/0.000 secs] [Times: user=0.00 sys=0.00, real=0.00 secs] 
2020-10-28T14:24:19.760-0800: 0.870: [GC (Allocation Failure) 2020-10-28T14:24:19.760-0800: 0.870: [ParNew: 157247K->17471K(157248K), 0.0185495 secs] 448391K->355319K(506816K), 0.0186639 secs] [Times: user=0.11 sys=0.01, real=0.01 secs] 
2020-10-28T14:24:19.779-0800: 0.888: [GC (CMS Initial Mark) [1 CMS-initial-mark: 337847K(349568K)] 355532K(506816K), 0.0001576 secs] [Times: user=0.00 sys=0.00, real=0.00 secs] 
2020-10-28T14:24:19.779-0800: 0.889: [CMS-concurrent-mark-start]
2020-10-28T14:24:19.781-0800: 0.890: [CMS-concurrent-mark: 0.002/0.002 secs] [Times: user=0.00 sys=0.00, real=0.01 secs] 
2020-10-28T14:24:19.781-0800: 0.890: [CMS-concurrent-preclean-start]
2020-10-28T14:24:19.781-0800: 0.891: [CMS-concurrent-preclean: 0.001/0.001 secs] [Times: user=0.00 sys=0.00, real=0.00 secs] 
2020-10-28T14:24:19.781-0800: 0.891: [CMS-concurrent-abortable-preclean-start]
2020-10-28T14:24:19.781-0800: 0.891: [CMS-concurrent-abortable-preclean: 0.000/0.000 secs] [Times: user=0.00 sys=0.00, real=0.00 secs] 
2020-10-28T14:24:19.782-0800: 0.891: [GC (CMS Final Remark) [YG occupancy: 29355 K (157248 K)]2020-10-28T14:24:19.782-0800: 0.891: [Rescan (parallel) , 0.0003150 secs]2020-10-28T14:24:19.782-0800: 0.891: [weak refs processing, 0.0000297 secs]2020-10-28T14:24:19.782-0800: 0.891: [class unloading, 0.0002559 secs]2020-10-28T14:24:19.782-0800: 0.892: [scrub symbol table, 0.0004487 secs]2020-10-28T14:24:19.783-0800: 0.892: [scrub string table, 0.0001289 secs][1 CMS-remark: 337847K(349568K)] 367203K(506816K), 0.0013048 secs] [Times: user=0.00 sys=0.00, real=0.00 secs] 
2020-10-28T14:24:19.783-0800: 0.892: [CMS-concurrent-sweep-start]
2020-10-28T14:24:19.784-0800: 0.893: [CMS-concurrent-sweep: 0.001/0.001 secs] [Times: user=0.00 sys=0.00, real=0.00 secs] 
2020-10-28T14:24:19.784-0800: 0.893: [CMS-concurrent-reset-start]
2020-10-28T14:24:19.784-0800: 0.893: [CMS-concurrent-reset: 0.000/0.000 secs] [Times: user=0.00 sys=0.00, real=0.00 secs] 
2020-10-28T14:24:19.802-0800: 0.912: [GC (Allocation Failure) 2020-10-28T14:24:19.802-0800: 0.912: [ParNew: 157247K->157247K(157248K), 0.0000193 secs]2020-10-28T14:24:19.802-0800: 0.912: [CMS: 297484K->322265K(349568K), 0.0544262 secs] 454732K->322265K(506816K), [Metaspace: 2679K->2679K(1056768K)], 0.0545412 secs] [Times: user=0.05 sys=0.00, real=0.05 secs] 
2020-10-28T14:24:19.857-0800: 0.966: [GC (CMS Initial Mark) [1 CMS-initial-mark: 322265K(349568K)] 322493K(506816K), 0.0001545 secs] [Times: user=0.00 sys=0.00, real=0.00 secs] 
2020-10-28T14:24:19.857-0800: 0.967: [CMS-concurrent-mark-start]
2020-10-28T14:24:19.859-0800: 0.968: [CMS-concurrent-mark: 0.001/0.001 secs] [Times: user=0.01 sys=0.00, real=0.00 secs] 
2020-10-28T14:24:19.859-0800: 0.968: [CMS-concurrent-preclean-start]
2020-10-28T14:24:19.859-0800: 0.969: [CMS-concurrent-preclean: 0.001/0.001 secs] [Times: user=0.00 sys=0.00, real=0.00 secs] 
2020-10-28T14:24:19.859-0800: 0.969: [CMS-concurrent-abortable-preclean-start]
2020-10-28T14:24:19.879-0800: 0.988: [GC (Allocation Failure) 2020-10-28T14:24:19.879-0800: 0.988: [ParNew: 139776K->139776K(157248K), 0.0000467 secs]2020-10-28T14:24:19.879-0800: 0.988: [CMS2020-10-28T14:24:19.879-0800: 0.989: [CMS-concurrent-abortable-preclean: 0.000/0.020 secs] [Times: user=0.02 sys=0.00, real=0.02 secs] 
 (concurrent mode failure): 322265K->332451K(349568K), 0.0535534 secs] 462041K->332451K(506816K), [Metaspace: 2679K->2679K(1056768K)], 0.0536972 secs] [Times: user=0.05 sys=0.00, real=0.06 secs] 
2020-10-28T14:24:19.954-0800: 1.064: [GC (Allocation Failure) 2020-10-28T14:24:19.954-0800: 1.064: [ParNew: 139776K->139776K(157248K), 0.0000296 secs]2020-10-28T14:24:19.954-0800: 1.064: [CMS: 332451K->339546K(349568K), 0.0550802 secs] 472227K->339546K(506816K), [Metaspace: 2679K->2679K(1056768K)], 0.0552039 secs] [Times: user=0.06 sys=0.00, real=0.05 secs] 
2020-10-28T14:24:20.010-0800: 1.119: [GC (CMS Initial Mark) [1 CMS-initial-mark: 339546K(349568K)] 342360K(506816K), 0.0001780 secs] [Times: user=0.00 sys=0.00, real=0.00 secs] 
2020-10-28T14:24:20.010-0800: 1.119: [CMS-concurrent-mark-start]
Heap
 par new generation   total 157248K, used 5609K [0x00000007a0000000, 0x00000007aaaa0000, 0x00000007aaaa0000)
  eden space 139776K,   4% used [0x00000007a0000000, 0x00000007a057a668, 0x00000007a8880000)
  from space 17472K,   0% used [0x00000007a9990000, 0x00000007a9990000, 0x00000007aaaa0000)
  to   space 17472K,   0% used [0x00000007a8880000, 0x00000007a8880000, 0x00000007a9990000)
 concurrent mark-sweep generation total 349568K, used 339546K [0x00000007aaaa0000, 0x00000007c0000000, 0x00000007c0000000)
 Metaspace       used 2685K, capacity 4486K, committed 4864K, reserved 1056768K
  class space    used 294K, capacity 386K, committed 512K, reserved 1048576K
