Java HotSpot(TM) 64-Bit Server VM (25.92-b14) for bsd-amd64 JRE (1.8.0_92-b14), built on Mar 31 2016 21:23:14 by "java_re" with gcc 4.2.1 (Based on Apple Inc. build 5658) (LLVM build 2336.11.00)
Memory: 4k page, physical 16777216k(1724792k free)

/proc/meminfo:

CommandLine flags: -XX:InitialHeapSize=134217728 -XX:MaxHeapSize=134217728 -XX:MaxNewSize=44740608 -XX:MaxTenuringThreshold=6 -XX:NewSize=44740608 -XX:OldPLABSize=16 -XX:OldSize=89477120 -XX:+PrintGC -XX:+PrintGCDateStamps -XX:+PrintGCDetails -XX:+PrintGCTimeStamps -XX:+UseCompressedClassPointers -XX:+UseCompressedOops -XX:+UseConcMarkSweepGC -XX:+UseParNewGC 
2020-10-28T12:37:32.044-0800: 0.101: [GC (Allocation Failure) 2020-10-28T12:37:32.044-0800: 0.102: [ParNew: 34903K->4352K(39296K), 0.0064998 secs] 34903K->12971K(126720K), 0.0066562 secs] [Times: user=0.02 sys=0.02, real=0.01 secs] 
2020-10-28T12:37:32.060-0800: 0.117: [GC (Allocation Failure) 2020-10-28T12:37:32.060-0800: 0.117: [ParNew: 39260K->4352K(39296K), 0.0078028 secs] 47879K->27773K(126720K), 0.0078747 secs] [Times: user=0.03 sys=0.03, real=0.00 secs] 
2020-10-28T12:37:32.074-0800: 0.131: [GC (Allocation Failure) 2020-10-28T12:37:32.074-0800: 0.131: [ParNew: 38570K->4350K(39296K), 0.0055824 secs] 61991K->35768K(126720K), 0.0056620 secs] [Times: user=0.04 sys=0.01, real=0.00 secs] 
2020-10-28T12:37:32.084-0800: 0.142: [GC (Allocation Failure) 2020-10-28T12:37:32.084-0800: 0.142: [ParNew: 39294K->4345K(39296K), 0.0089296 secs] 70712K->50038K(126720K), 0.0090059 secs] [Times: user=0.06 sys=0.01, real=0.01 secs] 
2020-10-28T12:37:32.093-0800: 0.151: [GC (CMS Initial Mark) [1 CMS-initial-mark: 45693K(87424K)] 50629K(126720K), 0.0001787 secs] [Times: user=0.00 sys=0.00, real=0.00 secs] 
2020-10-28T12:37:32.094-0800: 0.151: [CMS-concurrent-mark-start]
2020-10-28T12:37:32.094-0800: 0.152: [CMS-concurrent-mark: 0.001/0.001 secs] [Times: user=0.00 sys=0.00, real=0.00 secs] 
2020-10-28T12:37:32.094-0800: 0.152: [CMS-concurrent-preclean-start]
2020-10-28T12:37:32.094-0800: 0.152: [CMS-concurrent-preclean: 0.000/0.000 secs] [Times: user=0.00 sys=0.00, real=0.00 secs] 
2020-10-28T12:37:32.094-0800: 0.152: [CMS-concurrent-abortable-preclean-start]
2020-10-28T12:37:32.100-0800: 0.157: [GC (Allocation Failure) 2020-10-28T12:37:32.100-0800: 0.158: [ParNew: 39285K->4351K(39296K), 0.0071598 secs] 84979K->62007K(126720K), 0.0072298 secs] [Times: user=0.05 sys=0.00, real=0.00 secs] 
2020-10-28T12:37:32.114-0800: 0.171: [GC (Allocation Failure) 2020-10-28T12:37:32.114-0800: 0.171: [ParNew: 39295K->4342K(39296K), 0.0066229 secs] 96951K->73071K(126720K), 0.0066904 secs] [Times: user=0.05 sys=0.01, real=0.01 secs] 
2020-10-28T12:37:32.126-0800: 0.184: [GC (Allocation Failure) 2020-10-28T12:37:32.126-0800: 0.184: [ParNew: 39286K->4351K(39296K), 0.0067321 secs] 108015K->84006K(126720K), 0.0068023 secs] [Times: user=0.04 sys=0.00, real=0.01 secs] 
2020-10-28T12:37:32.139-0800: 0.197: [GC (Allocation Failure) 2020-10-28T12:37:32.139-0800: 0.197: [ParNew: 39251K->39251K(39296K), 0.0000217 secs]2020-10-28T12:37:32.139-0800: 0.197: [CMS2020-10-28T12:37:32.139-0800: 0.197: [CMS-concurrent-abortable-preclean: 0.001/0.045 secs] [Times: user=0.20 sys=0.01, real=0.04 secs] 
 (concurrent mode failure): 79655K->84236K(87424K), 0.0158014 secs] 118906K->84236K(126720K), [Metaspace: 2679K->2679K(1056768K)], 0.0159139 secs] [Times: user=0.01 sys=0.00, real=0.02 secs] 
2020-10-28T12:37:32.162-0800: 0.220: [GC (Allocation Failure) 2020-10-28T12:37:32.162-0800: 0.220: [ParNew: 34944K->34944K(39296K), 0.0000243 secs]2020-10-28T12:37:32.162-0800: 0.220: [CMS: 84236K->87339K(87424K), 0.0123192 secs] 119180K->95001K(126720K), [Metaspace: 2679K->2679K(1056768K)], 0.0124355 secs] [Times: user=0.02 sys=0.00, real=0.01 secs] 
2020-10-28T12:37:32.175-0800: 0.232: [GC (CMS Initial Mark) [1 CMS-initial-mark: 87339K(87424K)] 95377K(126720K), 0.0001689 secs] [Times: user=0.00 sys=0.00, real=0.00 secs] 
2020-10-28T12:37:32.175-0800: 0.233: [CMS-concurrent-mark-start]
2020-10-28T12:37:32.176-0800: 0.233: [CMS-concurrent-mark: 0.000/0.000 secs] [Times: user=0.00 sys=0.00, real=0.00 secs] 
2020-10-28T12:37:32.176-0800: 0.233: [CMS-concurrent-preclean-start]
2020-10-28T12:37:32.176-0800: 0.234: [CMS-concurrent-preclean: 0.001/0.001 secs] [Times: user=0.00 sys=0.00, real=0.00 secs] 
2020-10-28T12:37:32.176-0800: 0.234: [CMS-concurrent-abortable-preclean-start]
2020-10-28T12:37:32.176-0800: 0.234: [CMS-concurrent-abortable-preclean: 0.000/0.000 secs] [Times: user=0.00 sys=0.00, real=0.00 secs] 
2020-10-28T12:37:32.176-0800: 0.234: [GC (CMS Final Remark) [YG occupancy: 12719 K (39296 K)]2020-10-28T12:37:32.176-0800: 0.234: [Rescan (parallel) , 0.0002621 secs]2020-10-28T12:37:32.177-0800: 0.234: [weak refs processing, 0.0000143 secs]2020-10-28T12:37:32.177-0800: 0.234: [class unloading, 0.0001732 secs]2020-10-28T12:37:32.177-0800: 0.234: [scrub symbol table, 0.0002990 secs]2020-10-28T12:37:32.177-0800: 0.235: [scrub string table, 0.0001216 secs][1 CMS-remark: 87339K(87424K)] 100058K(126720K), 0.0009440 secs] [Times: user=0.00 sys=0.00, real=0.00 secs] 
2020-10-28T12:37:32.177-0800: 0.235: [CMS-concurrent-sweep-start]
2020-10-28T12:37:32.177-0800: 0.235: [CMS-concurrent-sweep: 0.000/0.000 secs] [Times: user=0.00 sys=0.00, real=0.00 secs] 
2020-10-28T12:37:32.177-0800: 0.235: [CMS-concurrent-reset-start]
2020-10-28T12:37:32.178-0800: 0.235: [CMS-concurrent-reset: 0.000/0.000 secs] [Times: user=0.00 sys=0.00, real=0.00 secs] 
2020-10-28T12:37:32.182-0800: 0.240: [GC (Allocation Failure) 2020-10-28T12:37:32.182-0800: 0.240: [ParNew: 39227K->39227K(39296K), 0.0000162 secs]2020-10-28T12:37:32.182-0800: 0.240: [CMS: 87339K->87149K(87424K), 0.0113033 secs] 126567K->103796K(126720K), [Metaspace: 2679K->2679K(1056768K)], 0.0113843 secs] [Times: user=0.01 sys=0.00, real=0.01 secs] 
2020-10-28T12:37:32.194-0800: 0.251: [GC (CMS Initial Mark) [1 CMS-initial-mark: 87149K(87424K)] 103935K(126720K), 0.0001929 secs] [Times: user=0.00 sys=0.00, real=0.00 secs] 
2020-10-28T12:37:32.194-0800: 0.252: [CMS-concurrent-mark-start]
2020-10-28T12:37:32.195-0800: 0.252: [CMS-concurrent-mark: 0.001/0.001 secs] [Times: user=0.00 sys=0.00, real=0.00 secs] 
2020-10-28T12:37:32.195-0800: 0.252: [CMS-concurrent-preclean-start]
2020-10-28T12:37:32.195-0800: 0.253: [CMS-concurrent-preclean: 0.001/0.001 secs] [Times: user=0.00 sys=0.00, real=0.00 secs] 
2020-10-28T12:37:32.195-0800: 0.253: [CMS-concurrent-abortable-preclean-start]
2020-10-28T12:37:32.195-0800: 0.253: [CMS-concurrent-abortable-preclean: 0.000/0.000 secs] [Times: user=0.00 sys=0.00, real=0.00 secs] 
2020-10-28T12:37:32.195-0800: 0.253: [GC (CMS Final Remark) [YG occupancy: 23882 K (39296 K)]2020-10-28T12:37:32.195-0800: 0.253: [Rescan (parallel) , 0.0001681 secs]2020-10-28T12:37:32.196-0800: 0.253: [weak refs processing, 0.0000139 secs]2020-10-28T12:37:32.196-0800: 0.253: [class unloading, 0.0001623 secs]2020-10-28T12:37:32.196-0800: 0.253: [scrub symbol table, 0.0002971 secs]2020-10-28T12:37:32.196-0800: 0.254: [scrub string table, 0.0001203 secs][1 CMS-remark: 87149K(87424K)] 111032K(126720K), 0.0008267 secs] [Times: user=0.00 sys=0.00, real=0.00 secs] 
2020-10-28T12:37:32.196-0800: 0.254: [CMS-concurrent-sweep-start]
2020-10-28T12:37:32.196-0800: 0.254: [CMS-concurrent-sweep: 0.000/0.000 secs] [Times: user=0.00 sys=0.00, real=0.00 secs] 
2020-10-28T12:37:32.196-0800: 0.254: [CMS-concurrent-reset-start]
2020-10-28T12:37:32.197-0800: 0.254: [CMS-concurrent-reset: 0.000/0.000 secs] [Times: user=0.00 sys=0.00, real=0.00 secs] 
2020-10-28T12:37:32.198-0800: 0.256: [GC (Allocation Failure) 2020-10-28T12:37:32.198-0800: 0.256: [ParNew: 39264K->39264K(39296K), 0.0000138 secs]2020-10-28T12:37:32.198-0800: 0.256: [CMS: 87149K->86826K(87424K), 0.0127127 secs] 126414K->110348K(126720K), [Metaspace: 2679K->2679K(1056768K)], 0.0127838 secs] [Times: user=0.01 sys=0.00, real=0.02 secs] 
2020-10-28T12:37:32.211-0800: 0.269: [GC (CMS Initial Mark) [1 CMS-initial-mark: 86826K(87424K)] 111144K(126720K), 0.0001948 secs] [Times: user=0.00 sys=0.00, real=0.00 secs] 
2020-10-28T12:37:32.212-0800: 0.269: [CMS-concurrent-mark-start]
2020-10-28T12:37:32.212-0800: 0.270: [CMS-concurrent-mark: 0.001/0.001 secs] [Times: user=0.00 sys=0.00, real=0.00 secs] 
2020-10-28T12:37:32.212-0800: 0.270: [CMS-concurrent-preclean-start]
2020-10-28T12:37:32.213-0800: 0.270: [CMS-concurrent-preclean: 0.001/0.001 secs] [Times: user=0.00 sys=0.00, real=0.00 secs] 
2020-10-28T12:37:32.213-0800: 0.270: [CMS-concurrent-abortable-preclean-start]
2020-10-28T12:37:32.213-0800: 0.270: [CMS-concurrent-abortable-preclean: 0.000/0.000 secs] [Times: user=0.00 sys=0.00, real=0.00 secs] 
2020-10-28T12:37:32.213-0800: 0.270: [GC (CMS Final Remark) [YG occupancy: 30311 K (39296 K)]2020-10-28T12:37:32.213-0800: 0.270: [Rescan (parallel) , 0.0001407 secs]2020-10-28T12:37:32.213-0800: 0.271: [weak refs processing, 0.0000215 secs]2020-10-28T12:37:32.213-0800: 0.271: [class unloading, 0.0001603 secs]2020-10-28T12:37:32.213-0800: 0.271: [scrub symbol table, 0.0002786 secs]2020-10-28T12:37:32.213-0800: 0.271: [scrub string table, 0.0001173 secs][1 CMS-remark: 86826K(87424K)] 117138K(126720K), 0.0008071 secs] [Times: user=0.00 sys=0.00, real=0.00 secs] 
2020-10-28T12:37:32.214-0800: 0.271: [CMS-concurrent-sweep-start]
2020-10-28T12:37:32.214-0800: 0.271: [CMS-concurrent-sweep: 0.000/0.000 secs] [Times: user=0.00 sys=0.00, real=0.00 secs] 
2020-10-28T12:37:32.214-0800: 0.271: [CMS-concurrent-reset-start]
2020-10-28T12:37:32.214-0800: 0.271: [CMS-concurrent-reset: 0.000/0.000 secs] [Times: user=0.00 sys=0.00, real=0.00 secs] 
2020-10-28T12:37:32.215-0800: 0.273: [GC (Allocation Failure) 2020-10-28T12:37:32.215-0800: 0.273: [ParNew: 38959K->38959K(39296K), 0.0000130 secs]2020-10-28T12:37:32.215-0800: 0.273: [CMS: 86826K->87210K(87424K), 0.0139665 secs] 125786K->112532K(126720K), [Metaspace: 2679K->2679K(1056768K)], 0.0140341 secs] [Times: user=0.02 sys=0.00, real=0.01 secs] 
2020-10-28T12:37:32.229-0800: 0.287: [GC (CMS Initial Mark) [1 CMS-initial-mark: 87210K(87424K)] 113106K(126720K), 0.0001739 secs] [Times: user=0.00 sys=0.00, real=0.00 secs] 
2020-10-28T12:37:32.230-0800: 0.287: [CMS-concurrent-mark-start]
2020-10-28T12:37:32.230-0800: 0.288: [CMS-concurrent-mark: 0.001/0.001 secs] [Times: user=0.00 sys=0.00, real=0.00 secs] 
2020-10-28T12:37:32.230-0800: 0.288: [CMS-concurrent-preclean-start]
2020-10-28T12:37:32.231-0800: 0.288: [CMS-concurrent-preclean: 0.000/0.000 secs] [Times: user=0.00 sys=0.00, real=0.00 secs] 
2020-10-28T12:37:32.231-0800: 0.288: [CMS-concurrent-abortable-preclean-start]
2020-10-28T12:37:32.231-0800: 0.288: [CMS-concurrent-abortable-preclean: 0.000/0.000 secs] [Times: user=0.00 sys=0.00, real=0.00 secs] 
2020-10-28T12:37:32.231-0800: 0.288: [GC (CMS Final Remark) [YG occupancy: 32748 K (39296 K)]2020-10-28T12:37:32.231-0800: 0.288: [Rescan (parallel) , 0.0001792 secs]2020-10-28T12:37:32.231-0800: 0.288: [weak refs processing, 0.0000131 secs]2020-10-28T12:37:32.231-0800: 0.288: [class unloading, 0.0001759 secs]2020-10-28T12:37:32.231-0800: 0.289: [scrub symbol table, 0.0002681 secs]2020-10-28T12:37:32.231-0800: 0.289: [scrub string table, 0.0001398 secs][1 CMS-remark: 87210K(87424K)] 119958K(126720K), 0.0008565 secs] [Times: user=0.00 sys=0.00, real=0.00 secs] 
2020-10-28T12:37:32.232-0800: 0.289: [CMS-concurrent-sweep-start]
2020-10-28T12:37:32.232-0800: 0.289: [CMS-concurrent-sweep: 0.000/0.000 secs] [Times: user=0.00 sys=0.00, real=0.00 secs] 
2020-10-28T12:37:32.232-0800: 0.289: [CMS-concurrent-reset-start]
2020-10-28T12:37:32.232-0800: 0.289: [CMS-concurrent-reset: 0.000/0.000 secs] [Times: user=0.00 sys=0.00, real=0.00 secs] 
2020-10-28T12:37:32.233-0800: 0.290: [GC (Allocation Failure) 2020-10-28T12:37:32.233-0800: 0.290: [ParNew: 39246K->39246K(39296K), 0.0000132 secs]2020-10-28T12:37:32.233-0800: 0.290: [CMS: 87210K->87414K(87424K), 0.0119604 secs] 126456K->115378K(126720K), [Metaspace: 2679K->2679K(1056768K)], 0.0120276 secs] [Times: user=0.02 sys=0.00, real=0.01 secs] 
2020-10-28T12:37:32.245-0800: 0.302: [GC (CMS Initial Mark) [1 CMS-initial-mark: 87414K(87424K)] 115568K(126720K), 0.0001737 secs] [Times: user=0.00 sys=0.00, real=0.00 secs] 
2020-10-28T12:37:32.245-0800: 0.303: [CMS-concurrent-mark-start]
2020-10-28T12:37:32.246-0800: 0.303: [CMS-concurrent-mark: 0.001/0.001 secs] [Times: user=0.00 sys=0.00, real=0.00 secs] 
2020-10-28T12:37:32.246-0800: 0.303: [CMS-concurrent-preclean-start]
2020-10-28T12:37:32.246-0800: 0.304: [CMS-concurrent-preclean: 0.001/0.001 secs] [Times: user=0.00 sys=0.00, real=0.00 secs] 
2020-10-28T12:37:32.246-0800: 0.304: [CMS-concurrent-abortable-preclean-start]
2020-10-28T12:37:32.246-0800: 0.304: [CMS-concurrent-abortable-preclean: 0.000/0.000 secs] [Times: user=0.00 sys=0.00, real=0.00 secs] 
2020-10-28T12:37:32.246-0800: 0.304: [GC (CMS Final Remark) [YG occupancy: 36862 K (39296 K)]2020-10-28T12:37:32.246-0800: 0.304: [Rescan (parallel) , 0.0001422 secs]2020-10-28T12:37:32.247-0800: 0.304: [weak refs processing, 0.0000128 secs]2020-10-28T12:37:32.247-0800: 0.304: [class unloading, 0.0001697 secs]2020-10-28T12:37:32.247-0800: 0.304: [scrub symbol table, 0.0002826 secs]2020-10-28T12:37:32.247-0800: 0.305: [scrub string table, 0.0001184 secs][1 CMS-remark: 87414K(87424K)] 124277K(126720K), 0.0007983 secs] [Times: user=0.00 sys=0.00, real=0.00 secs] 
2020-10-28T12:37:32.247-0800: 0.305: [CMS-concurrent-sweep-start]
2020-10-28T12:37:32.247-0800: 0.305: [CMS-concurrent-sweep: 0.000/0.000 secs] [Times: user=0.00 sys=0.00, real=0.00 secs] 
2020-10-28T12:37:32.247-0800: 0.305: [CMS-concurrent-reset-start]
2020-10-28T12:37:32.248-0800: 0.305: [GC (Allocation Failure) 2020-10-28T12:37:32.248-0800: 0.305: [ParNew: 38799K->38799K(39296K), 0.0000130 secs]2020-10-28T12:37:32.248-0800: 0.305: [CMS2020-10-28T12:37:32.248-0800: 0.305: [CMS-concurrent-reset: 0.000/0.000 secs] [Times: user=0.00 sys=0.00, real=0.00 secs] 
: 87021K->87268K(87424K), 0.0127227 secs] 125821K->117733K(126720K), [Metaspace: 2679K->2679K(1056768K)], 0.0127883 secs] [Times: user=0.01 sys=0.00, real=0.02 secs] 
2020-10-28T12:37:32.262-0800: 0.320: [Full GC (Allocation Failure) 2020-10-28T12:37:32.262-0800: 0.320: [CMS: 87355K->87412K(87424K), 0.0122844 secs] 126649K->119028K(126720K), [Metaspace: 2679K->2679K(1056768K)], 0.0123499 secs] [Times: user=0.02 sys=0.00, real=0.01 secs] 
2020-10-28T12:37:32.275-0800: 0.332: [GC (CMS Initial Mark) [1 CMS-initial-mark: 87412K(87424K)] 119100K(126720K), 0.0001659 secs] [Times: user=0.00 sys=0.00, real=0.00 secs] 
2020-10-28T12:37:32.275-0800: 0.332: [CMS-concurrent-mark-start]
2020-10-28T12:37:32.275-0800: 0.333: [CMS-concurrent-mark: 0.001/0.001 secs] [Times: user=0.00 sys=0.00, real=0.00 secs] 
2020-10-28T12:37:32.275-0800: 0.333: [CMS-concurrent-preclean-start]
2020-10-28T12:37:32.276-0800: 0.333: [CMS-concurrent-preclean: 0.000/0.000 secs] [Times: user=0.00 sys=0.00, real=0.00 secs] 
2020-10-28T12:37:32.276-0800: 0.333: [CMS-concurrent-abortable-preclean-start]
2020-10-28T12:37:32.276-0800: 0.333: [CMS-concurrent-abortable-preclean: 0.000/0.000 secs] [Times: user=0.00 sys=0.00, real=0.00 secs] 
2020-10-28T12:37:32.276-0800: 0.333: [GC (CMS Final Remark) [YG occupancy: 38525 K (39296 K)]2020-10-28T12:37:32.276-0800: 0.333: [Rescan (parallel) , 0.0001511 secs]2020-10-28T12:37:32.276-0800: 0.334: [weak refs processing, 0.0000154 secs]2020-10-28T12:37:32.276-0800: 0.334: [class unloading, 0.0001613 secs]2020-10-28T12:37:32.276-0800: 0.334: [scrub symbol table, 0.0002643 secs]2020-10-28T12:37:32.276-0800: 0.334: [scrub string table, 0.0001185 secs][1 CMS-remark: 87412K(87424K)] 125938K(126720K), 0.0007759 secs] [Times: user=0.00 sys=0.00, real=0.00 secs] 
2020-10-28T12:37:32.277-0800: 0.334: [CMS-concurrent-sweep-start]
2020-10-28T12:37:32.277-0800: 0.334: [CMS-concurrent-sweep: 0.000/0.000 secs] [Times: user=0.00 sys=0.00, real=0.00 secs] 
2020-10-28T12:37:32.277-0800: 0.334: [Full GC (Allocation Failure) 2020-10-28T12:37:32.277-0800: 0.334: [CMS: 87376K->87314K(87424K), 0.0057994 secs] 126521K->120739K(126720K), [Metaspace: 2679K->2679K(1056768K)], 0.0058646 secs] [Times: user=0.01 sys=0.00, real=0.01 secs] 
2020-10-28T12:37:32.284-0800: 0.341: [Full GC (Allocation Failure) 2020-10-28T12:37:32.284-0800: 0.341: [CMS: 87314K->86948K(87424K), 0.0057525 secs] 126556K->122572K(126720K), [Metaspace: 2679K->2679K(1056768K)], 0.0057994 secs] [Times: user=0.00 sys=0.00, real=0.01 secs] 
2020-10-28T12:37:32.290-0800: 0.347: [GC (CMS Initial Mark) [1 CMS-initial-mark: 86948K(87424K)] 122861K(126720K), 0.0001719 secs] [Times: user=0.00 sys=0.00, real=0.00 secs] 
2020-10-28T12:37:32.290-0800: 0.347: [CMS-concurrent-mark-start]
2020-10-28T12:37:32.290-0800: 0.348: [CMS-concurrent-mark: 0.000/0.000 secs] [Times: user=0.00 sys=0.00, real=0.00 secs] 
2020-10-28T12:37:32.290-0800: 0.348: [CMS-concurrent-preclean-start]
2020-10-28T12:37:32.291-0800: 0.348: [Full GC (Allocation Failure) 2020-10-28T12:37:32.291-0800: 0.348: [CMS2020-10-28T12:37:32.291-0800: 0.349: [CMS-concurrent-preclean: 0.001/0.001 secs] [Times: user=0.01 sys=0.00, real=0.00 secs] 
 (concurrent mode failure): 87209K->87064K(87424K), 0.0139256 secs] 126499K->123577K(126720K), [Metaspace: 2679K->2679K(1056768K)], 0.0139736 secs] [Times: user=0.01 sys=0.00, real=0.01 secs] 
2020-10-28T12:37:32.305-0800: 0.363: [Full GC (Allocation Failure) 2020-10-28T12:37:32.305-0800: 0.363: [CMS: 87196K->86739K(87424K), 0.0094085 secs] 126472K->123656K(126720K), [Metaspace: 2679K->2679K(1056768K)], 0.0094662 secs] [Times: user=0.01 sys=0.00, real=0.01 secs] 
2020-10-28T12:37:32.315-0800: 0.372: [GC (CMS Initial Mark) [1 CMS-initial-mark: 86739K(87424K)] 124018K(126720K), 0.0001833 secs] [Times: user=0.00 sys=0.00, real=0.00 secs] 
2020-10-28T12:37:32.315-0800: 0.373: [CMS-concurrent-mark-start]
2020-10-28T12:37:32.315-0800: 0.373: [Full GC (Allocation Failure) 2020-10-28T12:37:32.315-0800: 0.373: [CMS2020-10-28T12:37:32.317-0800: 0.374: [CMS-concurrent-mark: 0.001/0.002 secs] [Times: user=0.00 sys=0.00, real=0.00 secs] 
 (concurrent mode failure): 86739K->87420K(87424K), 0.0074073 secs] 125759K->123726K(126720K), [Metaspace: 2679K->2679K(1056768K)], 0.0074570 secs] [Times: user=0.01 sys=0.00, real=0.01 secs] 
2020-10-28T12:37:32.324-0800: 0.381: [Full GC (Allocation Failure) 2020-10-28T12:37:32.324-0800: 0.381: [CMS: 87420K->87420K(87424K), 0.0044473 secs] 126408K->123875K(126720K), [Metaspace: 2679K->2679K(1056768K)], 0.0044992 secs] [Times: user=0.00 sys=0.00, real=0.00 secs] 
2020-10-28T12:37:32.328-0800: 0.386: [GC (CMS Initial Mark) [1 CMS-initial-mark: 87420K(87424K)] 124624K(126720K), 0.0002059 secs] [Times: user=0.00 sys=0.00, real=0.00 secs] 
2020-10-28T12:37:32.329-0800: 0.386: [CMS-concurrent-mark-start]
2020-10-28T12:37:32.329-0800: 0.386: [Full GC (Allocation Failure) 2020-10-28T12:37:32.329-0800: 0.386: [CMS2020-10-28T12:37:32.330-0800: 0.388: [CMS-concurrent-mark: 0.001/0.002 secs] [Times: user=0.00 sys=0.00, real=0.01 secs] 
 (concurrent mode failure): 87420K->87419K(87424K), 0.0065720 secs] 126080K->124418K(126720K), [Metaspace: 2679K->2679K(1056768K)], 0.0066200 secs] [Times: user=0.01 sys=0.00, real=0.01 secs] 
2020-10-28T12:37:32.336-0800: 0.393: [Full GC (Allocation Failure) 2020-10-28T12:37:32.336-0800: 0.393: [CMS: 87419K->87362K(87424K), 0.0136809 secs] 126658K->124550K(126720K), [Metaspace: 2679K->2679K(1056768K)], 0.0137417 secs] [Times: user=0.01 sys=0.00, real=0.02 secs] 
2020-10-28T12:37:32.350-0800: 0.407: [GC (CMS Initial Mark) [1 CMS-initial-mark: 87362K(87424K)] 124838K(126720K), 0.0001730 secs] [Times: user=0.00 sys=0.00, real=0.00 secs] 
2020-10-28T12:37:32.350-0800: 0.408: [CMS-concurrent-mark-start]
2020-10-28T12:37:32.351-0800: 0.408: [Full GC (Allocation Failure) 2020-10-28T12:37:32.351-0800: 0.408: [CMS2020-10-28T12:37:32.352-0800: 0.410: [CMS-concurrent-mark: 0.001/0.002 secs] [Times: user=0.00 sys=0.00, real=0.00 secs] 
 (concurrent mode failure): 87362K->87022K(87424K), 0.0071135 secs] 126622K->123733K(126720K), [Metaspace: 2679K->2679K(1056768K)], 0.0071734 secs] [Times: user=0.01 sys=0.00, real=0.00 secs] 
2020-10-28T12:37:32.358-0800: 0.416: [Full GC (Allocation Failure) 2020-10-28T12:37:32.358-0800: 0.416: [CMS: 87238K->87166K(87424K), 0.0025442 secs] 126519K->124941K(126720K), [Metaspace: 2679K->2679K(1056768K)], 0.0026042 secs] [Times: user=0.00 sys=0.00, real=0.01 secs] 
2020-10-28T12:37:32.361-0800: 0.419: [GC (CMS Initial Mark) [1 CMS-initial-mark: 87166K(87424K)] 125071K(126720K), 0.0001693 secs] [Times: user=0.00 sys=0.00, real=0.00 secs] 
2020-10-28T12:37:32.361-0800: 0.419: [CMS-concurrent-mark-start]
2020-10-28T12:37:32.362-0800: 0.419: [Full GC (Allocation Failure) 2020-10-28T12:37:32.362-0800: 0.419: [CMS2020-10-28T12:37:32.363-0800: 0.421: [CMS-concurrent-mark: 0.001/0.002 secs] [Times: user=0.01 sys=0.00, real=0.00 secs] 
 (concurrent mode failure): 87238K->86759K(87424K), 0.0105016 secs] 126485K->125508K(126720K), [Metaspace: 2679K->2679K(1056768K)], 0.0105531 secs] [Times: user=0.01 sys=0.00, real=0.01 secs] 
2020-10-28T12:37:32.372-0800: 0.430: [Full GC (Allocation Failure) 2020-10-28T12:37:32.372-0800: 0.430: [CMS: 87013K->86687K(87424K), 0.0030891 secs] 126177K->125454K(126720K), [Metaspace: 2679K->2679K(1056768K)], 0.0031431 secs] [Times: user=0.01 sys=0.00, real=0.00 secs] 
2020-10-28T12:37:32.376-0800: 0.433: [GC (CMS Initial Mark) [1 CMS-initial-mark: 87211K(87424K)] 125978K(126720K), 0.0002362 secs] [Times: user=0.00 sys=0.00, real=0.00 secs] 
2020-10-28T12:37:32.376-0800: 0.433: [CMS-concurrent-mark-start]
2020-10-28T12:37:32.376-0800: 0.434: [Full GC (Allocation Failure) 2020-10-28T12:37:32.376-0800: 0.434: [CMS2020-10-28T12:37:32.378-0800: 0.435: [CMS-concurrent-mark: 0.001/0.002 secs] [Times: user=0.00 sys=0.00, real=0.00 secs] 
 (concurrent mode failure): 87211K->87211K(87424K), 0.0032273 secs] 126408K->126184K(126720K), [Metaspace: 2679K->2679K(1056768K)], 0.0032753 secs] [Times: user=0.00 sys=0.00, real=0.00 secs] 
2020-10-28T12:37:32.380-0800: 0.437: [Full GC (Allocation Failure) 2020-10-28T12:37:32.380-0800: 0.437: [CMS: 87211K->87192K(87424K), 0.0092683 secs] 126184K->126165K(126720K), [Metaspace: 2679K->2679K(1056768K)], 0.0093098 secs] [Times: user=0.01 sys=0.00, real=0.00 secs] 
Heap
 par new generation   total 39296K, used 39130K [0x00000007b8000000, 0x00000007baaa0000, 0x00000007baaa0000)
  eden space 34944K, 100% used [0x00000007b8000000, 0x00000007ba220000, 0x00000007ba220000)
  from space 4352K,  96% used [0x00000007ba660000, 0x00000007baa76ba0, 0x00000007baaa0000)
  to   space 4352K,   0% used [0x00000007ba220000, 0x00000007ba220000, 0x00000007ba660000)
 concurrent mark-sweep generation total 87424K, used 87192K [0x00000007baaa0000, 0x00000007c0000000, 0x00000007c0000000)
 Metaspace       used 2709K, capacity 4486K, committed 4864K, reserved 1056768K
  class space    used 297K, capacity 386K, committed 512K, reserved 1048576K
