Java HotSpot(TM) 64-Bit Server VM (25.92-b14) for bsd-amd64 JRE (1.8.0_92-b14), built on Mar 31 2016 21:23:14 by "java_re" with gcc 4.2.1 (Based on Apple Inc. build 5658) (LLVM build 2336.11.00)
Memory: 4k page, physical 16777216k(1653048k free)

/proc/meminfo:

CommandLine flags: -XX:InitialHeapSize=134217728 -XX:MaxHeapSize=134217728 -XX:+PrintGC -XX:+PrintGCDateStamps -XX:+PrintGCTimeStamps -XX:+UseCompressedClassPointers -XX:+UseCompressedOops -XX:+UseG1GC 
2020-10-28T12:40:42.987-0800: 0.098: [GC pause (G1 Evacuation Pause) (young) 29M->12M(128M), 0.0046561 secs]
2020-10-28T12:40:42.998-0800: 0.108: [GC pause (G1 Evacuation Pause) (young) 37M->22M(128M), 0.0031292 secs]
2020-10-28T12:40:43.019-0800: 0.129: [GC pause (G1 Evacuation Pause) (young) 68M->39M(128M), 0.0052769 secs]
2020-10-28T12:40:43.036-0800: 0.147: [GC pause (G1 Evacuation Pause) (young) 91M->61M(128M), 0.0070539 secs]
2020-10-28T12:40:43.045-0800: 0.156: [GC pause (G1 Humongous Allocation) (young) (initial-mark) 69M->63M(128M), 0.0016665 secs]
2020-10-28T12:40:43.047-0800: 0.158: [GC concurrent-root-region-scan-start]
2020-10-28T12:40:43.047-0800: 0.158: [GC concurrent-root-region-scan-end, 0.0000727 secs]
2020-10-28T12:40:43.047-0800: 0.158: [GC concurrent-mark-start]
2020-10-28T12:40:43.048-0800: 0.158: [GC concurrent-mark-end, 0.0005846 secs]
2020-10-28T12:40:43.048-0800: 0.158: [GC remark, 0.0008264 secs]
2020-10-28T12:40:43.049-0800: 0.160: [GC cleanup 66M->66M(128M), 0.0006389 secs]
2020-10-28T12:40:43.057-0800: 0.168: [GC pause (G1 Evacuation Pause) (young)-- 104M->97M(128M), 0.0013173 secs]
2020-10-28T12:40:43.059-0800: 0.170: [GC pause (G1 Evacuation Pause) (young) 101M->98M(128M), 0.0009848 secs]
2020-10-28T12:40:43.061-0800: 0.172: [GC pause (G1 Humongous Allocation) (young) (initial-mark) 103M->100M(128M), 0.0008502 secs]
2020-10-28T12:40:43.062-0800: 0.173: [GC concurrent-root-region-scan-start]
2020-10-28T12:40:43.062-0800: 0.173: [GC concurrent-root-region-scan-end, 0.0000876 secs]
2020-10-28T12:40:43.062-0800: 0.173: [GC concurrent-mark-start]
2020-10-28T12:40:43.062-0800: 0.173: [GC concurrent-mark-end, 0.0003895 secs]
2020-10-28T12:40:43.062-0800: 0.173: [GC remark, 0.0007847 secs]
2020-10-28T12:40:43.063-0800: 0.174: [GC cleanup 103M->103M(128M), 0.0003823 secs]
2020-10-28T12:40:43.065-0800: 0.175: [GC pause (G1 Evacuation Pause) (young) 109M->104M(128M), 0.0006859 secs]
2020-10-28T12:40:43.066-0800: 0.177: [GC pause (G1 Evacuation Pause) (mixed)-- 110M->110M(128M), 0.0007747 secs]
2020-10-28T12:40:43.067-0800: 0.178: [GC pause (G1 Evacuation Pause) (mixed)-- 111M->111M(128M), 0.0008416 secs]
2020-10-28T12:40:43.068-0800: 0.179: [Full GC (Allocation Failure)  111M->80M(128M), 0.0097170 secs]
2020-10-28T12:40:43.078-0800: 0.189: [GC pause (G1 Humongous Allocation) (young) (initial-mark) 81M->80M(128M), 0.0007040 secs]
2020-10-28T12:40:43.079-0800: 0.190: [GC concurrent-root-region-scan-start]
2020-10-28T12:40:43.079-0800: 0.190: [GC concurrent-root-region-scan-end, 0.0000330 secs]
2020-10-28T12:40:43.079-0800: 0.190: [GC concurrent-mark-start]
2020-10-28T12:40:43.080-0800: 0.190: [GC concurrent-mark-end, 0.0004632 secs]
2020-10-28T12:40:43.080-0800: 0.190: [GC remark, 0.0007827 secs]
2020-10-28T12:40:43.080-0800: 0.191: [GC cleanup 84M->84M(128M), 0.0004152 secs]
2020-10-28T12:40:43.082-0800: 0.192: [GC pause (G1 Evacuation Pause) (young) 90M->84M(128M), 0.0007571 secs]
2020-10-28T12:40:43.084-0800: 0.194: [GC pause (G1 Humongous Allocation) (young) (initial-mark) 88M->85M(128M), 0.0010006 secs]
2020-10-28T12:40:43.085-0800: 0.195: [GC concurrent-root-region-scan-start]
2020-10-28T12:40:43.085-0800: 0.195: [GC concurrent-root-region-scan-end, 0.0000777 secs]
2020-10-28T12:40:43.085-0800: 0.195: [GC concurrent-mark-start]
2020-10-28T12:40:43.085-0800: 0.196: [GC concurrent-mark-end, 0.0004455 secs]
2020-10-28T12:40:43.085-0800: 0.196: [GC remark, 0.0007176 secs]
2020-10-28T12:40:43.086-0800: 0.197: [GC cleanup 90M->90M(128M), 0.0003636 secs]
2020-10-28T12:40:43.087-0800: 0.198: [GC pause (G1 Evacuation Pause) (young) 92M->86M(128M), 0.0006988 secs]
2020-10-28T12:40:43.089-0800: 0.200: [GC pause (G1 Evacuation Pause) (mixed) 92M->88M(128M), 0.0007187 secs]
2020-10-28T12:40:43.090-0800: 0.200: [GC pause (G1 Humongous Allocation) (young) (initial-mark) 88M->88M(128M), 0.0006321 secs]
2020-10-28T12:40:43.091-0800: 0.201: [GC concurrent-root-region-scan-start]
2020-10-28T12:40:43.091-0800: 0.201: [GC concurrent-root-region-scan-end, 0.0000062 secs]
2020-10-28T12:40:43.091-0800: 0.201: [GC concurrent-mark-start]
2020-10-28T12:40:43.091-0800: 0.202: [GC concurrent-mark-end, 0.0004906 secs]
2020-10-28T12:40:43.091-0800: 0.202: [GC remark, 0.0007228 secs]
2020-10-28T12:40:43.092-0800: 0.203: [GC cleanup 91M->91M(128M), 0.0004324 secs]
2020-10-28T12:40:43.094-0800: 0.204: [GC pause (G1 Evacuation Pause) (young) 99M->91M(128M), 0.0008705 secs]
2020-10-28T12:40:43.096-0800: 0.206: [GC pause (G1 Humongous Allocation) (young) (initial-mark) 98M->93M(128M), 0.0007416 secs]
2020-10-28T12:40:43.097-0800: 0.207: [GC concurrent-root-region-scan-start]
2020-10-28T12:40:43.097-0800: 0.207: [GC concurrent-root-region-scan-end, 0.0000683 secs]
2020-10-28T12:40:43.097-0800: 0.207: [GC concurrent-mark-start]
2020-10-28T12:40:43.097-0800: 0.208: [GC concurrent-mark-end, 0.0004778 secs]
2020-10-28T12:40:43.097-0800: 0.208: [GC remark, 0.0007197 secs]
2020-10-28T12:40:43.098-0800: 0.209: [GC cleanup 96M->96M(128M), 0.0003439 secs]
2020-10-28T12:40:43.099-0800: 0.210: [GC pause (G1 Evacuation Pause) (young)-- 102M->101M(128M), 0.0009200 secs]
2020-10-28T12:40:43.101-0800: 0.211: [GC pause (G1 Humongous Allocation) (mixed)-- 103M->101M(128M), 0.0005818 secs]
2020-10-28T12:40:43.102-0800: 0.212: [GC pause (G1 Evacuation Pause) (young) (initial-mark)-- 103M->103M(128M), 0.0006462 secs]
2020-10-28T12:40:43.102-0800: 0.213: [GC concurrent-root-region-scan-start]
2020-10-28T12:40:43.102-0800: 0.213: [GC concurrent-root-region-scan-end, 0.0000097 secs]
2020-10-28T12:40:43.102-0800: 0.213: [GC concurrent-mark-start]
2020-10-28T12:40:43.102-0800: 0.213: [Full GC (Allocation Failure)  103M->93M(128M), 0.0085904 secs]
2020-10-28T12:40:43.111-0800: 0.222: [GC concurrent-mark-abort]
2020-10-28T12:40:43.111-0800: 0.222: [GC pause (G1 Humongous Allocation) (young) (initial-mark) 95M->94M(128M), 0.0007501 secs]
2020-10-28T12:40:43.112-0800: 0.223: [GC concurrent-root-region-scan-start]
2020-10-28T12:40:43.112-0800: 0.223: [GC concurrent-root-region-scan-end, 0.0000610 secs]
2020-10-28T12:40:43.112-0800: 0.223: [GC concurrent-mark-start]
2020-10-28T12:40:43.113-0800: 0.223: [GC concurrent-mark-end, 0.0004061 secs]
2020-10-28T12:40:43.113-0800: 0.223: [GC remark, 0.0008545 secs]
2020-10-28T12:40:43.114-0800: 0.224: [GC cleanup 97M->97M(128M), 0.0004551 secs]
2020-10-28T12:40:43.115-0800: 0.225: [GC pause (G1 Evacuation Pause) (young)-- 99M->97M(128M), 0.0007377 secs]
2020-10-28T12:40:43.116-0800: 0.227: [GC pause (G1 Humongous Allocation) (young) (initial-mark) 98M->97M(128M), 0.0006028 secs]
2020-10-28T12:40:43.117-0800: 0.227: [GC concurrent-root-region-scan-start]
2020-10-28T12:40:43.117-0800: 0.227: [GC concurrent-root-region-scan-end, 0.0000247 secs]
2020-10-28T12:40:43.117-0800: 0.227: [GC concurrent-mark-start]
2020-10-28T12:40:43.117-0800: 0.228: [GC pause (G1 Evacuation Pause) (young)-- 99M->97M(128M), 0.0005983 secs]
2020-10-28T12:40:43.118-0800: 0.228: [GC concurrent-mark-end, 0.0010804 secs]
2020-10-28T12:40:43.118-0800: 0.228: [GC remark, 0.0007377 secs]
2020-10-28T12:40:43.119-0800: 0.229: [GC cleanup 99M->98M(128M), 0.0003541 secs]
2020-10-28T12:40:43.119-0800: 0.230: [GC concurrent-cleanup-start]
2020-10-28T12:40:43.119-0800: 0.230: [GC concurrent-cleanup-end, 0.0000076 secs]
2020-10-28T12:40:43.119-0800: 0.230: [GC pause (G1 Evacuation Pause) (young)-- 99M->99M(128M), 0.0005470 secs]
2020-10-28T12:40:43.120-0800: 0.230: [Full GC (Allocation Failure)  99M->94M(128M), 0.0063180 secs]
2020-10-28T12:40:43.127-0800: 0.237: [GC pause (G1 Evacuation Pause) (young)-- 99M->99M(128M), 0.0007094 secs]
2020-10-28T12:40:43.128-0800: 0.238: [Full GC (Allocation Failure)  99M->96M(128M), 0.0019356 secs]
2020-10-28T12:40:43.130-0800: 0.240: [GC pause (G1 Humongous Allocation) (young) (initial-mark) 96M->96M(128M), 0.0006056 secs]
2020-10-28T12:40:43.130-0800: 0.241: [GC concurrent-root-region-scan-start]
2020-10-28T12:40:43.130-0800: 0.241: [GC concurrent-root-region-scan-end, 0.0000268 secs]
2020-10-28T12:40:43.130-0800: 0.241: [GC concurrent-mark-start]
2020-10-28T12:40:43.131-0800: 0.241: [GC pause (G1 Evacuation Pause) (young)-- 98M->97M(128M), 0.0008331 secs]
2020-10-28T12:40:43.132-0800: 0.242: [GC pause (G1 Evacuation Pause) (young)-- 98M->98M(128M), 0.0005786 secs]
2020-10-28T12:40:43.132-0800: 0.243: [Full GC (Allocation Failure)  98M->97M(128M), 0.0048801 secs]
2020-10-28T12:40:43.137-0800: 0.248: [GC concurrent-mark-abort]
2020-10-28T12:40:43.138-0800: 0.248: [GC pause (G1 Evacuation Pause) (young)-- 99M->98M(128M), 0.0006976 secs]
2020-10-28T12:40:43.139-0800: 0.249: [GC pause (G1 Evacuation Pause) (young) (initial-mark)-- 99M->99M(128M), 0.0006831 secs]
2020-10-28T12:40:43.139-0800: 0.250: [GC concurrent-root-region-scan-start]
2020-10-28T12:40:43.139-0800: 0.250: [GC concurrent-root-region-scan-end, 0.0000073 secs]
2020-10-28T12:40:43.139-0800: 0.250: [GC concurrent-mark-start]
2020-10-28T12:40:43.139-0800: 0.250: [Full GC (Allocation Failure)  99M->97M(128M), 0.0019261 secs]
2020-10-28T12:40:43.142-0800: 0.252: [GC concurrent-mark-abort]
2020-10-28T12:40:43.142-0800: 0.252: [GC pause (G1 Humongous Allocation) (young) (initial-mark)-- 99M->99M(128M), 0.0007740 secs]
2020-10-28T12:40:43.143-0800: 0.253: [GC concurrent-root-region-scan-start]
2020-10-28T12:40:43.143-0800: 0.253: [GC concurrent-root-region-scan-end, 0.0000073 secs]
2020-10-28T12:40:43.143-0800: 0.253: [GC concurrent-mark-start]
2020-10-28T12:40:43.143-0800: 0.253: [GC pause (G1 Humongous Allocation) (young) 99M->99M(128M), 0.0005747 secs]
2020-10-28T12:40:43.143-0800: 0.254: [Full GC (Allocation Failure)  99M->96M(128M), 0.0065877 secs]
2020-10-28T12:40:43.150-0800: 0.261: [GC concurrent-mark-abort]
2020-10-28T12:40:43.150-0800: 0.261: [GC pause (G1 Humongous Allocation) (young) (initial-mark) 97M->96M(128M), 0.0006846 secs]
2020-10-28T12:40:43.151-0800: 0.262: [GC concurrent-root-region-scan-start]
2020-10-28T12:40:43.151-0800: 0.262: [GC concurrent-root-region-scan-end, 0.0000336 secs]
2020-10-28T12:40:43.151-0800: 0.262: [GC concurrent-mark-start]
2020-10-28T12:40:43.151-0800: 0.262: [GC pause (G1 Evacuation Pause) (young)-- 98M->97M(128M), 0.0007666 secs]
2020-10-28T12:40:43.152-0800: 0.263: [GC concurrent-mark-end, 0.0013078 secs]
2020-10-28T12:40:43.152-0800: 0.263: [GC remark, 0.0007442 secs]
2020-10-28T12:40:43.153-0800: 0.264: [GC cleanup 98M->98M(128M), 0.0003219 secs]
2020-10-28T12:40:43.154-0800: 0.264: [GC pause (G1 Evacuation Pause) (young)-- 98M->98M(128M), 0.0005271 secs]
2020-10-28T12:40:43.154-0800: 0.265: [Full GC (Allocation Failure)  98M->97M(128M), 0.0019917 secs]
2020-10-28T12:40:43.156-0800: 0.267: [GC pause (G1 Humongous Allocation) (young) (initial-mark) 98M->97M(128M), 0.0004997 secs]
2020-10-28T12:40:43.157-0800: 0.268: [GC concurrent-root-region-scan-start]
2020-10-28T12:40:43.157-0800: 0.268: [GC concurrent-root-region-scan-end, 0.0000238 secs]
2020-10-28T12:40:43.157-0800: 0.268: [GC concurrent-mark-start]
2020-10-28T12:40:43.157-0800: 0.268: [GC pause (G1 Evacuation Pause) (young)-- 99M->98M(128M), 0.0005724 secs]
2020-10-28T12:40:43.158-0800: 0.269: [GC concurrent-mark-end, 0.0010503 secs]
2020-10-28T12:40:43.158-0800: 0.269: [GC pause (G1 Evacuation Pause) (young)-- 99M->99M(128M), 0.0005115 secs]
2020-10-28T12:40:43.159-0800: 0.269: [Full GC (Allocation Failure)  99M->98M(128M), 0.0017819 secs]
2020-10-28T12:40:43.160-0800: 0.271: [GC remark, 0.0000187 secs]
2020-10-28T12:40:43.160-0800: 0.271: [GC concurrent-mark-abort]
2020-10-28T12:40:43.161-0800: 0.271: [GC pause (G1 Humongous Allocation) (young) (initial-mark)-- 99M->99M(128M), 0.0005851 secs]
2020-10-28T12:40:43.161-0800: 0.272: [GC concurrent-root-region-scan-start]
2020-10-28T12:40:43.161-0800: 0.272: [GC concurrent-root-region-scan-end, 0.0000070 secs]
2020-10-28T12:40:43.161-0800: 0.272: [GC concurrent-mark-start]
2020-10-28T12:40:43.161-0800: 0.272: [GC pause (G1 Evacuation Pause) (young) 99M->99M(128M), 0.0005589 secs]
2020-10-28T12:40:43.162-0800: 0.273: [GC pause (G1 Evacuation Pause) (young)-- 100M->100M(128M), 0.0005885 secs]
2020-10-28T12:40:43.163-0800: 0.274: [Full GC (Allocation Failure)  100M->98M(128M), 0.0017954 secs]
2020-10-28T12:40:43.165-0800: 0.275: [GC concurrent-mark-abort]
2020-10-28T12:40:43.165-0800: 0.276: [GC pause (G1 Evacuation Pause) (young)-- 100M->99M(128M), 0.0005215 secs]
2020-10-28T12:40:43.166-0800: 0.276: [GC pause (G1 Evacuation Pause) (young) (initial-mark)-- 100M->100M(128M), 0.0005286 secs]
2020-10-28T12:40:43.166-0800: 0.277: [GC concurrent-root-region-scan-start]
2020-10-28T12:40:43.166-0800: 0.277: [GC concurrent-root-region-scan-end, 0.0000054 secs]
2020-10-28T12:40:43.166-0800: 0.277: [GC concurrent-mark-start]
2020-10-28T12:40:43.166-0800: 0.277: [Full GC (Allocation Failure)  100M->98M(128M), 0.0016198 secs]
2020-10-28T12:40:43.168-0800: 0.279: [GC concurrent-mark-abort]
2020-10-28T12:40:43.168-0800: 0.279: [GC pause (G1 Evacuation Pause) (young)-- 100M->100M(128M), 0.0005394 secs]
2020-10-28T12:40:43.169-0800: 0.280: [Full GC (Allocation Failure)  100M->98M(128M), 0.0048211 secs]
2020-10-28T12:40:43.174-0800: 0.285: [GC pause (G1 Evacuation Pause) (young)-- 100M->100M(128M), 0.0007938 secs]
2020-10-28T12:40:43.175-0800: 0.286: [Full GC (Allocation Failure)  100M->97M(128M), 0.0058619 secs]
2020-10-28T12:40:43.181-0800: 0.292: [GC pause (G1 Evacuation Pause) (young)-- 99M->99M(128M), 0.0009568 secs]
2020-10-28T12:40:43.182-0800: 0.293: [Full GC (Allocation Failure)  99M->98M(128M), 0.0017902 secs]
2020-10-28T12:40:43.184-0800: 0.295: [GC pause (G1 Humongous Allocation) (young) (initial-mark) 98M->98M(128M), 0.0007954 secs]
2020-10-28T12:40:43.185-0800: 0.296: [GC concurrent-root-region-scan-start]
2020-10-28T12:40:43.185-0800: 0.296: [GC concurrent-root-region-scan-end, 0.0000584 secs]
2020-10-28T12:40:43.185-0800: 0.296: [GC concurrent-mark-start]
2020-10-28T12:40:43.185-0800: 0.296: [GC pause (G1 Evacuation Pause) (young)-- 98M->98M(128M), 0.0007367 secs]
2020-10-28T12:40:43.186-0800: 0.297: [GC pause (G1 Evacuation Pause) (young) 98M->98M(128M), 0.0005693 secs]
2020-10-28T12:40:43.187-0800: 0.297: [Full GC (Allocation Failure)  98M->98M(128M), 0.0017410 secs]
2020-10-28T12:40:43.189-0800: 0.299: [GC concurrent-mark-abort]
2020-10-28T12:40:43.189-0800: 0.299: [GC pause (G1 Evacuation Pause) (young)-- 99M->99M(128M), 0.0005774 secs]
2020-10-28T12:40:43.189-0800: 0.300: [Full GC (Allocation Failure)  99M->99M(128M), 0.0015611 secs]
2020-10-28T12:40:43.191-0800: 0.302: [Full GC (Allocation Failure)  99M->99M(128M), 0.0016820 secs]
2020-10-28T12:40:43.193-0800: 0.303: [GC pause (G1 Evacuation Pause) (young) 99M->99M(128M), 0.0005265 secs]
2020-10-28T12:40:43.193-0800: 0.304: [GC pause (G1 Evacuation Pause) (young) (initial-mark) 99M->99M(128M), 0.0004991 secs]
2020-10-28T12:40:43.194-0800: 0.305: [GC concurrent-root-region-scan-start]
2020-10-28T12:40:43.194-0800: 0.305: [GC concurrent-root-region-scan-end, 0.0000062 secs]
2020-10-28T12:40:43.194-0800: 0.305: [GC concurrent-mark-start]
2020-10-28T12:40:43.194-0800: 0.305: [Full GC (Allocation Failure)  99M->268K(128M), 0.0015954 secs]
2020-10-28T12:40:43.196-0800: 0.306: [GC concurrent-mark-abort]
