Java HotSpot(TM) 64-Bit Server VM (25.92-b14) for bsd-amd64 JRE (1.8.0_92-b14), built on Mar 31 2016 21:23:14 by "java_re" with gcc 4.2.1 (Based on Apple Inc. build 5658) (LLVM build 2336.11.00)
Memory: 4k page, physical 16777216k(1692604k free)

/proc/meminfo:

CommandLine flags: -XX:InitialHeapSize=536870912 -XX:MaxHeapSize=536870912 -XX:+PrintGC -XX:+PrintGCDateStamps -XX:+PrintGCTimeStamps -XX:+UseCompressedClassPointers -XX:+UseCompressedOops -XX:+UseG1GC 
2020-10-28T12:40:20.713-0800: 0.104: [GC pause (G1 Evacuation Pause) (young) 33M->12M(512M), 0.0032004 secs]
2020-10-28T12:40:20.723-0800: 0.114: [GC pause (G1 Evacuation Pause) (young) 43M->25M(512M), 0.0039053 secs]
2020-10-28T12:40:20.746-0800: 0.137: [GC pause (G1 Evacuation Pause) (young) 76M->40M(512M), 0.0051444 secs]
2020-10-28T12:40:20.770-0800: 0.162: [GC pause (G1 Evacuation Pause) (young) 111M->65M(512M), 0.0071768 secs]
2020-10-28T12:40:20.806-0800: 0.197: [GC pause (G1 Evacuation Pause) (young) 157M->93M(512M), 0.0096627 secs]
2020-10-28T12:40:20.846-0800: 0.237: [GC pause (G1 Evacuation Pause) (young) 209M->129M(512M), 0.0118170 secs]
2020-10-28T12:40:20.896-0800: 0.287: [GC pause (G1 Evacuation Pause) (young) 279M->174M(512M), 0.0170426 secs]
2020-10-28T12:40:20.941-0800: 0.332: [GC pause (G1 Humongous Allocation) (young) (initial-mark) 316M->215M(512M), 0.0128364 secs]
2020-10-28T12:40:20.954-0800: 0.345: [GC concurrent-root-region-scan-start]
2020-10-28T12:40:20.954-0800: 0.346: [GC concurrent-root-region-scan-end, 0.0001135 secs]
2020-10-28T12:40:20.954-0800: 0.346: [GC concurrent-mark-start]
2020-10-28T12:40:20.956-0800: 0.347: [GC concurrent-mark-end, 0.0014493 secs]
2020-10-28T12:40:20.956-0800: 0.347: [GC remark, 0.0012395 secs]
2020-10-28T12:40:20.957-0800: 0.348: [GC cleanup 225M->225M(512M), 0.0005595 secs]
2020-10-28T12:40:21.002-0800: 0.394: [GC pause (G1 Evacuation Pause) (young)-- 402M->270M(512M), 0.0219054 secs]
2020-10-28T12:40:21.025-0800: 0.416: [GC pause (G1 Evacuation Pause) (mixed) 274M->258M(512M), 0.0033428 secs]
2020-10-28T12:40:21.029-0800: 0.420: [GC pause (G1 Humongous Allocation) (young) (initial-mark) 260M->258M(512M), 0.0008539 secs]
2020-10-28T12:40:21.030-0800: 0.421: [GC concurrent-root-region-scan-start]
2020-10-28T12:40:21.030-0800: 0.421: [GC concurrent-root-region-scan-end, 0.0000792 secs]
2020-10-28T12:40:21.030-0800: 0.421: [GC concurrent-mark-start]
2020-10-28T12:40:21.031-0800: 0.422: [GC concurrent-mark-end, 0.0007682 secs]
2020-10-28T12:40:21.031-0800: 0.422: [GC remark, 0.0011097 secs]
2020-10-28T12:40:21.032-0800: 0.423: [GC cleanup 264M->264M(512M), 0.0005955 secs]
2020-10-28T12:40:21.063-0800: 0.454: [GC pause (G1 Evacuation Pause) (young)-- 432M->364M(512M), 0.0032640 secs]
2020-10-28T12:40:21.068-0800: 0.460: [GC pause (G1 Evacuation Pause) (mixed) 374M->335M(512M), 0.0045846 secs]
2020-10-28T12:40:21.074-0800: 0.466: [GC pause (G1 Humongous Allocation) (young) (initial-mark) 342M->335M(512M), 0.0010219 secs]
2020-10-28T12:40:21.076-0800: 0.467: [GC concurrent-root-region-scan-start]
2020-10-28T12:40:21.076-0800: 0.467: [GC concurrent-root-region-scan-end, 0.0000760 secs]
2020-10-28T12:40:21.076-0800: 0.467: [GC concurrent-mark-start]
2020-10-28T12:40:21.077-0800: 0.468: [GC concurrent-mark-end, 0.0009602 secs]
2020-10-28T12:40:21.077-0800: 0.468: [GC remark, 0.0012203 secs]
2020-10-28T12:40:21.078-0800: 0.469: [GC cleanup 343M->341M(512M), 0.0004985 secs]
2020-10-28T12:40:21.079-0800: 0.470: [GC concurrent-cleanup-start]
2020-10-28T12:40:21.079-0800: 0.470: [GC concurrent-cleanup-end, 0.0000117 secs]
2020-10-28T12:40:21.094-0800: 0.485: [GC pause (G1 Evacuation Pause) (young) 426M->364M(512M), 0.0029638 secs]
2020-10-28T12:40:21.099-0800: 0.491: [GC pause (G1 Evacuation Pause) (mixed) 381M->324M(512M), 0.0030408 secs]
2020-10-28T12:40:21.107-0800: 0.498: [GC pause (G1 Evacuation Pause) (mixed) 349M->302M(512M), 0.0040752 secs]
2020-10-28T12:40:21.115-0800: 0.506: [GC pause (G1 Evacuation Pause) (mixed) 328M->307M(512M), 0.0020435 secs]
2020-10-28T12:40:21.117-0800: 0.508: [GC pause (G1 Humongous Allocation) (young) (initial-mark) 308M->307M(512M), 0.0008934 secs]
2020-10-28T12:40:21.118-0800: 0.509: [GC concurrent-root-region-scan-start]
2020-10-28T12:40:21.118-0800: 0.509: [GC concurrent-root-region-scan-end, 0.0000612 secs]
2020-10-28T12:40:21.118-0800: 0.509: [GC concurrent-mark-start]
2020-10-28T12:40:21.119-0800: 0.510: [GC concurrent-mark-end, 0.0009282 secs]
2020-10-28T12:40:21.119-0800: 0.510: [GC remark, 0.0012020 secs]
2020-10-28T12:40:21.120-0800: 0.511: [GC cleanup 315M->315M(512M), 0.0005090 secs]
2020-10-28T12:40:21.137-0800: 0.529: [GC pause (G1 Evacuation Pause) (young) 417M->339M(512M), 0.0039910 secs]
2020-10-28T12:40:21.144-0800: 0.536: [GC pause (G1 Evacuation Pause) (mixed) 355M->318M(512M), 0.0056788 secs]
2020-10-28T12:40:21.154-0800: 0.545: [GC pause (G1 Evacuation Pause) (mixed) 345M->323M(512M), 0.0022541 secs]
2020-10-28T12:40:21.157-0800: 0.548: [GC pause (G1 Humongous Allocation) (young) (initial-mark) 325M->323M(512M), 0.0009181 secs]
2020-10-28T12:40:21.158-0800: 0.549: [GC concurrent-root-region-scan-start]
2020-10-28T12:40:21.158-0800: 0.549: [GC concurrent-root-region-scan-end, 0.0000675 secs]
2020-10-28T12:40:21.158-0800: 0.549: [GC concurrent-mark-start]
2020-10-28T12:40:21.159-0800: 0.550: [GC concurrent-mark-end, 0.0009028 secs]
2020-10-28T12:40:21.159-0800: 0.550: [GC remark, 0.0013363 secs]
2020-10-28T12:40:21.160-0800: 0.552: [GC cleanup 329M->329M(512M), 0.0006600 secs]
2020-10-28T12:40:21.175-0800: 0.566: [GC pause (G1 Evacuation Pause) (young) 414M->349M(512M), 0.0026743 secs]
2020-10-28T12:40:21.181-0800: 0.572: [GC pause (G1 Evacuation Pause) (mixed) 370M->331M(512M), 0.0059178 secs]
2020-10-28T12:40:21.191-0800: 0.582: [GC pause (G1 Evacuation Pause) (mixed) 360M->334M(512M), 0.0025222 secs]
2020-10-28T12:40:21.194-0800: 0.585: [GC pause (G1 Humongous Allocation) (young) (initial-mark) 338M->335M(512M), 0.0011156 secs]
2020-10-28T12:40:21.195-0800: 0.587: [GC concurrent-root-region-scan-start]
2020-10-28T12:40:21.196-0800: 0.587: [GC concurrent-root-region-scan-end, 0.0000775 secs]
2020-10-28T12:40:21.196-0800: 0.587: [GC concurrent-mark-start]
2020-10-28T12:40:21.196-0800: 0.588: [GC concurrent-mark-end, 0.0007690 secs]
2020-10-28T12:40:21.196-0800: 0.588: [GC remark, 0.0013434 secs]
2020-10-28T12:40:21.198-0800: 0.589: [GC cleanup 341M->341M(512M), 0.0006293 secs]
2020-10-28T12:40:21.210-0800: 0.601: [GC pause (G1 Evacuation Pause) (young) 413M->357M(512M), 0.0025155 secs]
2020-10-28T12:40:21.216-0800: 0.607: [GC pause (G1 Evacuation Pause) (mixed) 376M->336M(512M), 0.0050808 secs]
2020-10-28T12:40:21.221-0800: 0.612: [GC pause (G1 Humongous Allocation) (young) (initial-mark) 337M->336M(512M), 0.0008854 secs]
2020-10-28T12:40:21.222-0800: 0.613: [GC concurrent-root-region-scan-start]
2020-10-28T12:40:21.222-0800: 0.613: [GC concurrent-root-region-scan-end, 0.0000595 secs]
2020-10-28T12:40:21.222-0800: 0.613: [GC concurrent-mark-start]
2020-10-28T12:40:21.223-0800: 0.614: [GC concurrent-mark-end, 0.0008351 secs]
2020-10-28T12:40:21.223-0800: 0.614: [GC remark, 0.0012901 secs]
2020-10-28T12:40:21.224-0800: 0.615: [GC cleanup 343M->343M(512M), 0.0006566 secs]
2020-10-28T12:40:21.234-0800: 0.625: [GC pause (G1 Evacuation Pause) (young) 397M->355M(512M), 0.0025879 secs]
2020-10-28T12:40:21.240-0800: 0.631: [GC pause (G1 Evacuation Pause) (mixed) 375M->345M(512M), 0.0048075 secs]
2020-10-28T12:40:21.246-0800: 0.637: [GC pause (G1 Humongous Allocation) (young) (initial-mark) 352M->346M(512M), 0.0010117 secs]
2020-10-28T12:40:21.247-0800: 0.638: [GC concurrent-root-region-scan-start]
2020-10-28T12:40:21.247-0800: 0.638: [GC concurrent-root-region-scan-end, 0.0000999 secs]
2020-10-28T12:40:21.247-0800: 0.638: [GC concurrent-mark-start]
2020-10-28T12:40:21.248-0800: 0.639: [GC concurrent-mark-end, 0.0008272 secs]
2020-10-28T12:40:21.248-0800: 0.639: [GC remark, 0.0013253 secs]
2020-10-28T12:40:21.250-0800: 0.641: [GC cleanup 351M->351M(512M), 0.0007035 secs]
2020-10-28T12:40:21.258-0800: 0.649: [GC pause (G1 Evacuation Pause) (young) 403M->360M(512M), 0.0026423 secs]
2020-10-28T12:40:21.264-0800: 0.655: [GC pause (G1 Evacuation Pause) (mixed) 380M->341M(512M), 0.0057920 secs]
2020-10-28T12:40:21.271-0800: 0.662: [GC pause (G1 Humongous Allocation) (young) (initial-mark) 347M->342M(512M), 0.0012422 secs]
2020-10-28T12:40:21.272-0800: 0.663: [GC concurrent-root-region-scan-start]
2020-10-28T12:40:21.272-0800: 0.663: [GC concurrent-root-region-scan-end, 0.0000635 secs]
2020-10-28T12:40:21.272-0800: 0.663: [GC concurrent-mark-start]
2020-10-28T12:40:21.273-0800: 0.664: [GC concurrent-mark-end, 0.0008827 secs]
2020-10-28T12:40:21.273-0800: 0.664: [GC remark, 0.0013288 secs]
2020-10-28T12:40:21.274-0800: 0.666: [GC cleanup 349M->349M(512M), 0.0006946 secs]
2020-10-28T12:40:21.284-0800: 0.676: [GC pause (G1 Evacuation Pause) (young) 402M->359M(512M), 0.0022241 secs]
2020-10-28T12:40:21.290-0800: 0.681: [GC pause (G1 Evacuation Pause) (mixed) 380M->350M(512M), 0.0045642 secs]
2020-10-28T12:40:21.295-0800: 0.686: [GC pause (G1 Humongous Allocation) (young) (initial-mark) 350M->350M(512M), 0.0011978 secs]
2020-10-28T12:40:21.296-0800: 0.687: [GC concurrent-root-region-scan-start]
2020-10-28T12:40:21.296-0800: 0.687: [GC concurrent-root-region-scan-end, 0.0000252 secs]
2020-10-28T12:40:21.296-0800: 0.687: [GC concurrent-mark-start]
2020-10-28T12:40:21.297-0800: 0.688: [GC concurrent-mark-end, 0.0009945 secs]
2020-10-28T12:40:21.297-0800: 0.688: [GC remark, 0.0013878 secs]
2020-10-28T12:40:21.299-0800: 0.690: [GC cleanup 357M->357M(512M), 0.0006183 secs]
2020-10-28T12:40:21.307-0800: 0.698: [GC pause (G1 Evacuation Pause) (young) 405M->367M(512M), 0.0023615 secs]
2020-10-28T12:40:21.312-0800: 0.704: [GC pause (G1 Evacuation Pause) (mixed) 389M->355M(512M), 0.0048799 secs]
2020-10-28T12:40:21.318-0800: 0.709: [GC pause (G1 Humongous Allocation) (young) (initial-mark) 356M->355M(512M), 0.0010451 secs]
2020-10-28T12:40:21.319-0800: 0.710: [GC concurrent-root-region-scan-start]
2020-10-28T12:40:21.319-0800: 0.710: [GC concurrent-root-region-scan-end, 0.0000432 secs]
2020-10-28T12:40:21.319-0800: 0.710: [GC concurrent-mark-start]
2020-10-28T12:40:21.320-0800: 0.711: [GC concurrent-mark-end, 0.0010796 secs]
2020-10-28T12:40:21.320-0800: 0.711: [GC remark, 0.0014987 secs]
2020-10-28T12:40:21.321-0800: 0.713: [GC cleanup 363M->363M(512M), 0.0006036 secs]
2020-10-28T12:40:21.329-0800: 0.720: [GC pause (G1 Evacuation Pause) (young) 403M->372M(512M), 0.0023504 secs]
2020-10-28T12:40:21.335-0800: 0.727: [GC pause (G1 Evacuation Pause) (mixed) 398M->362M(512M), 0.0054899 secs]
2020-10-28T12:40:21.341-0800: 0.733: [GC pause (G1 Humongous Allocation) (young) (initial-mark) 365M->363M(512M), 0.0011494 secs]
2020-10-28T12:40:21.343-0800: 0.734: [GC concurrent-root-region-scan-start]
2020-10-28T12:40:21.343-0800: 0.734: [GC concurrent-root-region-scan-end, 0.0003385 secs]
2020-10-28T12:40:21.343-0800: 0.734: [GC concurrent-mark-start]
2020-10-28T12:40:21.346-0800: 0.737: [GC concurrent-mark-end, 0.0027292 secs]
2020-10-28T12:40:21.346-0800: 0.737: [GC remark, 0.0014388 secs]
2020-10-28T12:40:21.347-0800: 0.739: [GC cleanup 373M->373M(512M), 0.0006543 secs]
2020-10-28T12:40:21.353-0800: 0.744: [GC pause (G1 Evacuation Pause) (young) 399M->374M(512M), 0.0017917 secs]
2020-10-28T12:40:21.359-0800: 0.750: [GC pause (G1 Evacuation Pause) (mixed) 401M->359M(512M), 0.0048338 secs]
2020-10-28T12:40:21.366-0800: 0.757: [GC pause (G1 Humongous Allocation) (young) (initial-mark) 369M->361M(512M), 0.0011997 secs]
2020-10-28T12:40:21.367-0800: 0.759: [GC concurrent-root-region-scan-start]
2020-10-28T12:40:21.367-0800: 0.759: [GC concurrent-root-region-scan-end, 0.0000811 secs]
2020-10-28T12:40:21.367-0800: 0.759: [GC concurrent-mark-start]
2020-10-28T12:40:21.368-0800: 0.760: [GC concurrent-mark-end, 0.0010205 secs]
2020-10-28T12:40:21.369-0800: 0.760: [GC remark, 0.0013496 secs]
2020-10-28T12:40:21.370-0800: 0.761: [GC cleanup 371M->371M(512M), 0.0006242 secs]
2020-10-28T12:40:21.377-0800: 0.768: [GC pause (G1 Evacuation Pause) (young) 408M->375M(512M), 0.0022291 secs]
2020-10-28T12:40:21.383-0800: 0.774: [GC pause (G1 Evacuation Pause) (mixed) 398M->364M(512M), 0.0040537 secs]
2020-10-28T12:40:21.387-0800: 0.778: [GC pause (G1 Humongous Allocation) (young) (initial-mark) 365M->364M(512M), 0.0010828 secs]
2020-10-28T12:40:21.388-0800: 0.779: [GC concurrent-root-region-scan-start]
2020-10-28T12:40:21.388-0800: 0.779: [GC concurrent-root-region-scan-end, 0.0000092 secs]
2020-10-28T12:40:21.388-0800: 0.779: [GC concurrent-mark-start]
2020-10-28T12:40:21.389-0800: 0.780: [GC concurrent-mark-end, 0.0010238 secs]
2020-10-28T12:40:21.389-0800: 0.780: [GC remark, 0.0012008 secs]
2020-10-28T12:40:21.390-0800: 0.782: [GC cleanup 372M->372M(512M), 0.0005270 secs]
2020-10-28T12:40:21.396-0800: 0.788: [GC pause (G1 Evacuation Pause) (young) 406M->375M(512M), 0.0020563 secs]
2020-10-28T12:40:21.402-0800: 0.793: [GC pause (G1 Evacuation Pause) (mixed) 398M->365M(512M), 0.0045377 secs]
2020-10-28T12:40:21.407-0800: 0.798: [GC pause (G1 Humongous Allocation) (young) (initial-mark) 367M->364M(512M), 0.0011173 secs]
2020-10-28T12:40:21.408-0800: 0.799: [GC concurrent-root-region-scan-start]
2020-10-28T12:40:21.408-0800: 0.799: [GC concurrent-root-region-scan-end, 0.0000702 secs]
2020-10-28T12:40:21.408-0800: 0.799: [GC concurrent-mark-start]
2020-10-28T12:40:21.410-0800: 0.801: [GC concurrent-mark-end, 0.0016597 secs]
2020-10-28T12:40:21.410-0800: 0.801: [GC remark, 0.0014939 secs]
2020-10-28T12:40:21.412-0800: 0.803: [GC cleanup 372M->371M(512M), 0.0006078 secs]
2020-10-28T12:40:21.412-0800: 0.803: [GC concurrent-cleanup-start]
2020-10-28T12:40:21.412-0800: 0.803: [GC concurrent-cleanup-end, 0.0000103 secs]
2020-10-28T12:40:21.417-0800: 0.808: [GC pause (G1 Evacuation Pause) (young) 399M->371M(512M), 0.0017746 secs]
2020-10-28T12:40:21.423-0800: 0.814: [GC pause (G1 Evacuation Pause) (mixed) 397M->365M(512M), 0.0043421 secs]
2020-10-28T12:40:21.428-0800: 0.819: [GC pause (G1 Humongous Allocation) (young) (initial-mark) 369M->366M(512M), 0.0011631 secs]
2020-10-28T12:40:21.429-0800: 0.820: [GC concurrent-root-region-scan-start]
2020-10-28T12:40:21.429-0800: 0.820: [GC concurrent-root-region-scan-end, 0.0000542 secs]
2020-10-28T12:40:21.429-0800: 0.820: [GC concurrent-mark-start]
2020-10-28T12:40:21.430-0800: 0.821: [GC concurrent-mark-end, 0.0009591 secs]
2020-10-28T12:40:21.430-0800: 0.821: [GC remark, 0.0012966 secs]
2020-10-28T12:40:21.431-0800: 0.823: [GC cleanup 375M->375M(512M), 0.0006739 secs]
2020-10-28T12:40:21.437-0800: 0.828: [GC pause (G1 Evacuation Pause) (young) 405M->371M(512M), 0.0021294 secs]
2020-10-28T12:40:21.443-0800: 0.834: [GC pause (G1 Evacuation Pause) (mixed) 396M->364M(512M), 0.0047472 secs]
2020-10-28T12:40:21.448-0800: 0.839: [GC pause (G1 Humongous Allocation) (young) (initial-mark) 365M->364M(512M), 0.0011903 secs]
2020-10-28T12:40:21.449-0800: 0.841: [GC concurrent-root-region-scan-start]
2020-10-28T12:40:21.449-0800: 0.841: [GC concurrent-root-region-scan-end, 0.0000484 secs]
2020-10-28T12:40:21.449-0800: 0.841: [GC concurrent-mark-start]
2020-10-28T12:40:21.451-0800: 0.842: [GC concurrent-mark-end, 0.0010748 secs]
2020-10-28T12:40:21.451-0800: 0.842: [GC remark, 0.0014257 secs]
2020-10-28T12:40:21.452-0800: 0.843: [GC cleanup 373M->373M(512M), 0.0005450 secs]
2020-10-28T12:40:21.458-0800: 0.849: [GC pause (G1 Evacuation Pause) (young) 404M->374M(512M), 0.0024975 secs]
2020-10-28T12:40:21.464-0800: 0.855: [GC pause (G1 Evacuation Pause) (mixed) 397M->370M(512M), 0.0039863 secs]
2020-10-28T12:40:21.468-0800: 0.859: [GC pause (G1 Humongous Allocation) (young) (initial-mark) 373M->370M(512M), 0.0010669 secs]
2020-10-28T12:40:21.469-0800: 0.860: [GC concurrent-root-region-scan-start]
2020-10-28T12:40:21.469-0800: 0.861: [GC concurrent-root-region-scan-end, 0.0000710 secs]
2020-10-28T12:40:21.469-0800: 0.861: [GC concurrent-mark-start]
2020-10-28T12:40:21.470-0800: 0.862: [GC concurrent-mark-end, 0.0010133 secs]
2020-10-28T12:40:21.470-0800: 0.862: [GC remark, 0.0012784 secs]
2020-10-28T12:40:21.472-0800: 0.863: [GC cleanup 377M->377M(512M), 0.0005127 secs]
2020-10-28T12:40:21.478-0800: 0.869: [GC pause (G1 Evacuation Pause) (young) 410M->380M(512M), 0.0020698 secs]
2020-10-28T12:40:21.483-0800: 0.875: [GC pause (G1 Evacuation Pause) (mixed) 404M->371M(512M), 0.0053949 secs]
2020-10-28T12:40:21.489-0800: 0.880: [GC pause (G1 Humongous Allocation) (young) (initial-mark) 372M->370M(512M), 0.0010268 secs]
2020-10-28T12:40:21.490-0800: 0.881: [GC concurrent-root-region-scan-start]
2020-10-28T12:40:21.490-0800: 0.881: [GC concurrent-root-region-scan-end, 0.0000064 secs]
2020-10-28T12:40:21.490-0800: 0.881: [GC concurrent-mark-start]
2020-10-28T12:40:21.491-0800: 0.882: [GC concurrent-mark-end, 0.0010107 secs]
2020-10-28T12:40:21.491-0800: 0.882: [GC remark, 0.0013908 secs]
2020-10-28T12:40:21.493-0800: 0.884: [GC cleanup 378M->378M(512M), 0.0006085 secs]
2020-10-28T12:40:21.498-0800: 0.890: [GC pause (G1 Evacuation Pause) (young) 411M->388M(512M), 0.0021525 secs]
2020-10-28T12:40:21.505-0800: 0.896: [GC pause (G1 Evacuation Pause) (mixed) 414M->381M(512M), 0.0039692 secs]
2020-10-28T12:40:21.509-0800: 0.900: [GC pause (G1 Humongous Allocation) (young) (initial-mark) 383M->382M(512M), 0.0012975 secs]
2020-10-28T12:40:21.510-0800: 0.902: [GC concurrent-root-region-scan-start]
2020-10-28T12:40:21.510-0800: 0.902: [GC concurrent-root-region-scan-end, 0.0000449 secs]
2020-10-28T12:40:21.510-0800: 0.902: [GC concurrent-mark-start]
2020-10-28T12:40:21.511-0800: 0.903: [GC concurrent-mark-end, 0.0010284 secs]
2020-10-28T12:40:21.512-0800: 0.903: [GC remark, 0.0012917 secs]
2020-10-28T12:40:21.513-0800: 0.904: [GC cleanup 391M->391M(512M), 0.0005173 secs]
2020-10-28T12:40:21.517-0800: 0.908: [GC pause (G1 Evacuation Pause) (young) 415M->391M(512M), 0.0020471 secs]
2020-10-28T12:40:21.523-0800: 0.914: [GC pause (G1 Evacuation Pause) (mixed)-- 417M->397M(512M), 0.0048067 secs]
2020-10-28T12:40:21.530-0800: 0.921: [GC pause (G1 Humongous Allocation) (young) (initial-mark) 410M->403M(512M), 0.0014182 secs]
2020-10-28T12:40:21.531-0800: 0.922: [GC concurrent-root-region-scan-start]
2020-10-28T12:40:21.531-0800: 0.922: [GC concurrent-root-region-scan-end, 0.0000579 secs]
2020-10-28T12:40:21.531-0800: 0.922: [GC concurrent-mark-start]
2020-10-28T12:40:21.532-0800: 0.923: [GC concurrent-mark-end, 0.0009508 secs]
2020-10-28T12:40:21.532-0800: 0.923: [GC remark, 0.0013312 secs]
2020-10-28T12:40:21.534-0800: 0.925: [GC cleanup 410M->409M(512M), 0.0006268 secs]
2020-10-28T12:40:21.534-0800: 0.925: [GC concurrent-cleanup-start]
2020-10-28T12:40:21.534-0800: 0.925: [GC concurrent-cleanup-end, 0.0000116 secs]
2020-10-28T12:40:21.538-0800: 0.929: [GC pause (G1 Evacuation Pause) (young) 430M->408M(512M), 0.0018660 secs]
2020-10-28T12:40:21.543-0800: 0.934: [GC pause (G1 Evacuation Pause) (mixed)-- 431M->423M(512M), 0.0033583 secs]
2020-10-28T12:40:21.550-0800: 0.942: [GC pause (G1 Evacuation Pause) (mixed)-- 447M->440M(512M), 0.0017752 secs]
2020-10-28T12:40:21.553-0800: 0.944: [GC pause (G1 Humongous Allocation) (young) (initial-mark) 441M->440M(512M), 0.0007937 secs]
2020-10-28T12:40:21.553-0800: 0.945: [GC concurrent-root-region-scan-start]
2020-10-28T12:40:21.554-0800: 0.945: [GC concurrent-root-region-scan-end, 0.0000412 secs]
2020-10-28T12:40:21.554-0800: 0.945: [GC concurrent-mark-start]
2020-10-28T12:40:21.554-0800: 0.946: [GC concurrent-mark-end, 0.0009651 secs]
2020-10-28T12:40:21.555-0800: 0.946: [GC remark, 0.0012999 secs]
2020-10-28T12:40:21.556-0800: 0.947: [GC cleanup 448M->445M(512M), 0.0005485 secs]
2020-10-28T12:40:21.557-0800: 0.948: [GC concurrent-cleanup-start]
2020-10-28T12:40:21.557-0800: 0.948: [GC concurrent-cleanup-end, 0.0000127 secs]
2020-10-28T12:40:21.558-0800: 0.949: [GC pause (G1 Evacuation Pause) (young)-- 454M->451M(512M), 0.0011504 secs]
2020-10-28T12:40:21.560-0800: 0.951: [GC pause (G1 Humongous Allocation) (mixed)-- 456M->454M(512M), 0.0009956 secs]
2020-10-28T12:40:21.561-0800: 0.953: [GC pause (G1 Evacuation Pause) (mixed)-- 456M->455M(512M), 0.0010204 secs]
2020-10-28T12:40:21.563-0800: 0.954: [GC pause (G1 Evacuation Pause) (mixed)-- 456M->456M(512M), 0.0009459 secs]
2020-10-28T12:40:21.564-0800: 0.955: [Full GC (Allocation Failure)  456M->329M(512M), 0.0409307 secs]
2020-10-28T12:40:21.605-0800: 0.996: [GC pause (G1 Humongous Allocation) (young) (initial-mark) 332M->331M(512M), 0.0010422 secs]
2020-10-28T12:40:21.606-0800: 0.997: [GC concurrent-root-region-scan-start]
2020-10-28T12:40:21.606-0800: 0.997: [GC concurrent-root-region-scan-end, 0.0000356 secs]
2020-10-28T12:40:21.606-0800: 0.997: [GC concurrent-mark-start]
2020-10-28T12:40:21.607-0800: 0.998: [GC concurrent-mark-end, 0.0010079 secs]
2020-10-28T12:40:21.607-0800: 0.999: [GC remark, 0.0015481 secs]
2020-10-28T12:40:21.609-0800: 1.000: [GC cleanup 338M->338M(512M), 0.0006563 secs]
2020-10-28T12:40:21.613-0800: 1.005: [GC pause (G1 Evacuation Pause) (young) 362M->339M(512M), 0.0019955 secs]
2020-10-28T12:40:21.616-0800: 1.007: [GC pause (G1 Humongous Allocation) (young) (initial-mark) 342M->340M(512M), 0.0010717 secs]
2020-10-28T12:40:21.617-0800: 1.008: [GC concurrent-root-region-scan-start]
2020-10-28T12:40:21.617-0800: 1.008: [GC concurrent-root-region-scan-end, 0.0000567 secs]
2020-10-28T12:40:21.617-0800: 1.008: [GC concurrent-mark-start]
2020-10-28T12:40:21.618-0800: 1.009: [GC concurrent-mark-end, 0.0008832 secs]
2020-10-28T12:40:21.618-0800: 1.009: [GC remark, 0.0012971 secs]
2020-10-28T12:40:21.620-0800: 1.011: [GC cleanup 348M->348M(512M), 0.0005849 secs]
2020-10-28T12:40:21.624-0800: 1.015: [GC pause (G1 Evacuation Pause) (young) 371M->351M(512M), 0.0019603 secs]
2020-10-28T12:40:21.629-0800: 1.020: [GC pause (G1 Evacuation Pause) (mixed) 374M->353M(512M), 0.0021240 secs]
2020-10-28T12:40:21.631-0800: 1.023: [GC pause (G1 Humongous Allocation) (young) (initial-mark) 355M->354M(512M), 0.0010590 secs]
2020-10-28T12:40:21.633-0800: 1.024: [GC concurrent-root-region-scan-start]
2020-10-28T12:40:21.633-0800: 1.024: [GC concurrent-root-region-scan-end, 0.0000330 secs]
2020-10-28T12:40:21.633-0800: 1.024: [GC concurrent-mark-start]
2020-10-28T12:40:21.634-0800: 1.025: [GC concurrent-mark-end, 0.0008893 secs]
2020-10-28T12:40:21.634-0800: 1.025: [GC remark, 0.0012707 secs]
2020-10-28T12:40:21.635-0800: 1.026: [GC cleanup 362M->362M(512M), 0.0004963 secs]
2020-10-28T12:40:21.639-0800: 1.030: [GC pause (G1 Evacuation Pause) (young) 389M->364M(512M), 0.0020116 secs]
2020-10-28T12:40:21.645-0800: 1.036: [GC pause (G1 Evacuation Pause) (mixed) 389M->365M(512M), 0.0039104 secs]
2020-10-28T12:40:21.649-0800: 1.040: [GC pause (G1 Humongous Allocation) (young) (initial-mark) 367M->365M(512M), 0.0011420 secs]
2020-10-28T12:40:21.650-0800: 1.041: [GC concurrent-root-region-scan-start]
2020-10-28T12:40:21.650-0800: 1.041: [GC concurrent-root-region-scan-end, 0.0000575 secs]
2020-10-28T12:40:21.650-0800: 1.041: [GC concurrent-mark-start]
2020-10-28T12:40:21.651-0800: 1.042: [GC concurrent-mark-end, 0.0009632 secs]
2020-10-28T12:40:21.651-0800: 1.043: [GC remark, 0.0013087 secs]
2020-10-28T12:40:21.653-0800: 1.044: [GC cleanup 373M->373M(512M), 0.0004704 secs]
2020-10-28T12:40:21.657-0800: 1.048: [GC pause (G1 Evacuation Pause) (young) 396M->370M(512M), 0.0016934 secs]
2020-10-28T12:40:21.662-0800: 1.053: [GC pause (G1 Evacuation Pause) (mixed)-- 393M->379M(512M), 0.0046835 secs]
2020-10-28T12:40:21.667-0800: 1.058: [GC pause (G1 Humongous Allocation) (young) (initial-mark) 380M->379M(512M), 0.0010342 secs]
2020-10-28T12:40:21.668-0800: 1.059: [GC concurrent-root-region-scan-start]
2020-10-28T12:40:21.668-0800: 1.059: [GC concurrent-root-region-scan-end, 0.0000393 secs]
2020-10-28T12:40:21.668-0800: 1.059: [GC concurrent-mark-start]
2020-10-28T12:40:21.669-0800: 1.060: [GC concurrent-mark-end, 0.0009751 secs]
2020-10-28T12:40:21.669-0800: 1.060: [GC remark, 0.0013041 secs]
2020-10-28T12:40:21.670-0800: 1.061: [GC cleanup 387M->387M(512M), 0.0004817 secs]
2020-10-28T12:40:21.674-0800: 1.065: [GC pause (G1 Evacuation Pause) (young) 411M->388M(512M), 0.0019518 secs]
2020-10-28T12:40:21.679-0800: 1.071: [GC pause (G1 Evacuation Pause) (mixed)-- 419M->412M(512M), 0.0028196 secs]
2020-10-28T12:40:21.684-0800: 1.075: [GC pause (G1 Humongous Allocation) (young) (initial-mark) 420M->415M(512M), 0.0010246 secs]
2020-10-28T12:40:21.685-0800: 1.076: [GC concurrent-root-region-scan-start]
2020-10-28T12:40:21.685-0800: 1.076: [GC concurrent-root-region-scan-end, 0.0000576 secs]
2020-10-28T12:40:21.685-0800: 1.076: [GC concurrent-mark-start]
2020-10-28T12:40:21.686-0800: 1.077: [GC concurrent-mark-end, 0.0009133 secs]
2020-10-28T12:40:21.686-0800: 1.077: [GC remark, 0.0013625 secs]
2020-10-28T12:40:21.687-0800: 1.079: [GC cleanup 420M->419M(512M), 0.0005119 secs]
2020-10-28T12:40:21.688-0800: 1.079: [GC concurrent-cleanup-start]
2020-10-28T12:40:21.688-0800: 1.079: [GC concurrent-cleanup-end, 0.0000115 secs]
