Java HotSpot(TM) 64-Bit Server VM (25.92-b14) for bsd-amd64 JRE (1.8.0_92-b14), built on Mar 31 2016 21:23:14 by "java_re" with gcc 4.2.1 (Based on Apple Inc. build 5658) (LLVM build 2336.11.00)
Memory: 4k page, physical 16777216k(1274536k free)

/proc/meminfo:

CommandLine flags: -XX:InitialHeapSize=4294967296 -XX:MaxHeapSize=4294967296 -XX:+PrintGC -XX:+PrintGCDateStamps -XX:+PrintGCDetails -XX:+PrintGCTimeStamps -XX:+UseCompressedClassPointers -XX:+UseCompressedOops -XX:+UseSerialGC 
2020-10-28T13:07:23.550-0800: 0.665: [GC (Allocation Failure) 2020-10-28T13:07:23.550-0800: 0.665: [DefNew: 1118528K->139776K(1258304K), 0.1422106 secs] 1118528K->235152K(4054528K), 0.1423589 secs] [Times: user=0.08 sys=0.06, real=0.14 secs] 
2020-10-28T13:07:23.889-0800: 1.004: [GC (Allocation Failure) 2020-10-28T13:07:23.889-0800: 1.004: [DefNew: 1258304K->139775K(1258304K), 0.1662214 secs] 1353680K->392941K(4054528K), 0.1663462 secs] [Times: user=0.09 sys=0.07, real=0.17 secs] 
Heap
 def new generation   total 1258304K, used 184401K [0x00000006c0000000, 0x0000000715550000, 0x0000000715550000)
  eden space 1118528K,   3% used [0x00000006c0000000, 0x00000006c2b945b8, 0x0000000704450000)
  from space 139776K,  99% used [0x0000000704450000, 0x000000070cccfff8, 0x000000070ccd0000)
  to   space 139776K,   0% used [0x000000070ccd0000, 0x000000070ccd0000, 0x0000000715550000)
 tenured generation   total 2796224K, used 253165K [0x0000000715550000, 0x00000007c0000000, 0x00000007c0000000)
   the space 2796224K,   9% used [0x0000000715550000, 0x0000000724c8b7d8, 0x0000000724c8b800, 0x00000007c0000000)
 Metaspace       used 2685K, capacity 4486K, committed 4864K, reserved 1056768K
  class space    used 294K, capacity 386K, committed 512K, reserved 1048576K
