Java HotSpot(TM) 64-Bit Server VM (25.92-b14) for bsd-amd64 JRE (1.8.0_92-b14), built on Mar 31 2016 21:23:14 by "java_re" with gcc 4.2.1 (Based on Apple Inc. build 5658) (LLVM build 2336.11.00)
Memory: 4k page, physical 16777216k(1232124k free)

/proc/meminfo:

CommandLine flags: -XX:InitialHeapSize=536870912 -XX:MaxHeapSize=536870912 -XX:+PrintGC -XX:+PrintGCDateStamps -XX:+PrintGCDetails -XX:+PrintGCTimeStamps -XX:+UseCompressedClassPointers -XX:+UseCompressedOops -XX:+UseSerialGC 
2020-10-28T13:07:34.189-0800: 0.160: [GC (Allocation Failure) 2020-10-28T13:07:34.189-0800: 0.160: [DefNew: 139776K->17472K(157248K), 0.0259494 secs] 139776K->44547K(506816K), 0.0260548 secs] [Times: user=0.01 sys=0.01, real=0.03 secs] 
2020-10-28T13:07:34.247-0800: 0.218: [GC (Allocation Failure) 2020-10-28T13:07:34.247-0800: 0.218: [DefNew: 157248K->17471K(157248K), 0.0333657 secs] 184323K->86876K(506816K), 0.0334337 secs] [Times: user=0.03 sys=0.01, real=0.04 secs] 
2020-10-28T13:07:34.301-0800: 0.272: [GC (Allocation Failure) 2020-10-28T13:07:34.301-0800: 0.272: [DefNew: 157247K->17470K(157248K), 0.0256544 secs] 226652K->128743K(506816K), 0.0257154 secs] [Times: user=0.02 sys=0.01, real=0.02 secs] 
2020-10-28T13:07:34.347-0800: 0.318: [GC (Allocation Failure) 2020-10-28T13:07:34.347-0800: 0.318: [DefNew: 157246K->17471K(157248K), 0.0289086 secs] 268519K->174754K(506816K), 0.0289795 secs] [Times: user=0.01 sys=0.01, real=0.03 secs] 
2020-10-28T13:07:34.397-0800: 0.368: [GC (Allocation Failure) 2020-10-28T13:07:34.397-0800: 0.368: [DefNew: 157138K->17472K(157248K), 0.0293995 secs] 314421K->222651K(506816K), 0.0294931 secs] [Times: user=0.01 sys=0.01, real=0.03 secs] 
2020-10-28T13:07:34.448-0800: 0.419: [GC (Allocation Failure) 2020-10-28T13:07:34.448-0800: 0.419: [DefNew: 157248K->17470K(157248K), 0.0274982 secs] 362427K->267211K(506816K), 0.0275714 secs] [Times: user=0.01 sys=0.01, real=0.03 secs] 
2020-10-28T13:07:34.496-0800: 0.467: [GC (Allocation Failure) 2020-10-28T13:07:34.496-0800: 0.467: [DefNew: 157246K->17465K(157248K), 0.0254338 secs] 406987K->308350K(506816K), 0.0254976 secs] [Times: user=0.02 sys=0.01, real=0.03 secs] 
2020-10-28T13:07:34.544-0800: 0.514: [GC (Allocation Failure) 2020-10-28T13:07:34.544-0800: 0.514: [DefNew: 157241K->17471K(157248K), 0.0252592 secs] 448126K->348219K(506816K), 0.0253282 secs] [Times: user=0.02 sys=0.01, real=0.02 secs] 
2020-10-28T13:07:34.590-0800: 0.561: [GC (Allocation Failure) 2020-10-28T13:07:34.590-0800: 0.561: [DefNew: 156905K->156905K(157248K), 0.0000178 secs]2020-10-28T13:07:34.590-0800: 0.561: [Tenured: 330748K->271062K(349568K), 0.0462929 secs] 487653K->271062K(506816K), [Metaspace: 2678K->2678K(1056768K)], 0.0464009 secs] [Times: user=0.05 sys=0.00, real=0.04 secs] 
2020-10-28T13:07:34.660-0800: 0.631: [GC (Allocation Failure) 2020-10-28T13:07:34.660-0800: 0.631: [DefNew: 139754K->17471K(157248K), 0.0069413 secs] 410816K->316597K(506816K), 0.0070069 secs] [Times: user=0.01 sys=0.00, real=0.00 secs] 
2020-10-28T13:07:34.688-0800: 0.659: [GC (Allocation Failure) 2020-10-28T13:07:34.688-0800: 0.659: [DefNew: 157247K->17471K(157248K), 0.0166176 secs] 456373K->363045K(506816K), 0.0166825 secs] [Times: user=0.01 sys=0.01, real=0.02 secs] 
2020-10-28T13:07:34.727-0800: 0.697: [GC (Allocation Failure) 2020-10-28T13:07:34.727-0800: 0.698: [DefNew: 157247K->157247K(157248K), 0.0000184 secs]2020-10-28T13:07:34.727-0800: 0.698: [Tenured: 345574K->308323K(349568K), 0.0547590 secs] 502821K->308323K(506816K), [Metaspace: 2678K->2678K(1056768K)], 0.0548667 secs] [Times: user=0.06 sys=0.00, real=0.06 secs] 
2020-10-28T13:07:34.804-0800: 0.775: [GC (Allocation Failure) 2020-10-28T13:07:34.804-0800: 0.775: [DefNew: 139776K->139776K(157248K), 0.0000173 secs]2020-10-28T13:07:34.804-0800: 0.775: [Tenured: 308323K->318924K(349568K), 0.0497024 secs] 448099K->318924K(506816K), [Metaspace: 2678K->2678K(1056768K)], 0.0498128 secs] [Times: user=0.05 sys=0.00, real=0.05 secs] 
2020-10-28T13:07:34.876-0800: 0.847: [GC (Allocation Failure) 2020-10-28T13:07:34.876-0800: 0.847: [DefNew: 139776K->139776K(157248K), 0.0000199 secs]2020-10-28T13:07:34.876-0800: 0.847: [Tenured: 318924K->304301K(349568K), 0.0532144 secs] 458700K->304301K(506816K), [Metaspace: 2678K->2678K(1056768K)], 0.0533536 secs] [Times: user=0.05 sys=0.00, real=0.05 secs] 
2020-10-28T13:07:34.951-0800: 0.922: [GC (Allocation Failure) 2020-10-28T13:07:34.951-0800: 0.922: [DefNew: 139776K->17471K(157248K), 0.0075921 secs] 444077K->350040K(506816K), 0.0076679 secs] [Times: user=0.00 sys=0.00, real=0.00 secs] 
2020-10-28T13:07:34.981-0800: 0.952: [GC (Allocation Failure) 2020-10-28T13:07:34.981-0800: 0.952: [DefNew: 157247K->157247K(157248K), 0.0000176 secs]2020-10-28T13:07:34.981-0800: 0.952: [Tenured: 332568K->336890K(349568K), 0.0458327 secs] 489816K->336890K(506816K), [Metaspace: 2678K->2678K(1056768K)], 0.0459438 secs] [Times: user=0.04 sys=0.00, real=0.04 secs] 
2020-10-28T13:07:35.047-0800: 1.018: [GC (Allocation Failure) 2020-10-28T13:07:35.047-0800: 1.018: [DefNew: 139776K->139776K(157248K), 0.0000172 secs]2020-10-28T13:07:35.047-0800: 1.018: [Tenured: 336890K->339731K(349568K), 0.0465759 secs] 476666K->339731K(506816K), [Metaspace: 2678K->2678K(1056768K)], 0.0466782 secs] [Times: user=0.05 sys=0.00, real=0.05 secs] 
Heap
 def new generation   total 157248K, used 51823K [0x00000007a0000000, 0x00000007aaaa0000, 0x00000007aaaa0000)
  eden space 139776K,  37% used [0x00000007a0000000, 0x00000007a329bec0, 0x00000007a8880000)
  from space 17472K,   0% used [0x00000007a9990000, 0x00000007a9990000, 0x00000007aaaa0000)
  to   space 17472K,   0% used [0x00000007a8880000, 0x00000007a8880000, 0x00000007a9990000)
 tenured generation   total 349568K, used 339731K [0x00000007aaaa0000, 0x00000007c0000000, 0x00000007c0000000)
   the space 349568K,  97% used [0x00000007aaaa0000, 0x00000007bf664ca0, 0x00000007bf664e00, 0x00000007c0000000)
 Metaspace       used 2685K, capacity 4486K, committed 4864K, reserved 1056768K
  class space    used 294K, capacity 386K, committed 512K, reserved 1048576K
